Archive member included to satisfy reference by file (symbol)

c:/apps/arch64/bin/../lib/gcc/aarch64-elf/8.2.1\libc.a(lib_a-locale.o)
                              C:\Users\Tony\AppData\Local\Temp\cc7YmnCn.o (__locale_ctype_ptr)
c:/apps/arch64/bin/../lib/gcc/aarch64-elf/8.2.1\libc.a(lib_a-mbtowc_r.o)
                              c:/apps/arch64/bin/../lib/gcc/aarch64-elf/8.2.1\libc.a(lib_a-locale.o) (__ascii_mbtowc)
c:/apps/arch64/bin/../lib/gcc/aarch64-elf/8.2.1\libc.a(lib_a-memcpy.o)
                              C:\Users\Tony\AppData\Local\Temp\cc190ioW.o (memcpy)
c:/apps/arch64/bin/../lib/gcc/aarch64-elf/8.2.1\libc.a(lib_a-reent.o)
                              C:\Users\Tony\AppData\Local\Temp\cclpmpSK.o (errno)
c:/apps/arch64/bin/../lib/gcc/aarch64-elf/8.2.1\libc.a(lib_a-strcasecmp.o)
                              c:/apps/arch64/bin/../lib/gcc/aarch64-elf/8.2.1\libc.a(lib_a-locale.o) (strcasecmp)
c:/apps/arch64/bin/../lib/gcc/aarch64-elf/8.2.1\libc.a(lib_a-strcat.o)
                              C:\Users\Tony\AppData\Local\Temp\cc190ioW.o (strcat)
c:/apps/arch64/bin/../lib/gcc/aarch64-elf/8.2.1\libc.a(lib_a-strchr.o)
                              C:\Users\Tony\AppData\Local\Temp\ccmD0NPr.o (strchr)
c:/apps/arch64/bin/../lib/gcc/aarch64-elf/8.2.1\libc.a(lib_a-strcmp.o)
                              C:\Users\Tony\AppData\Local\Temp\cc190ioW.o (strcmp)
c:/apps/arch64/bin/../lib/gcc/aarch64-elf/8.2.1\libc.a(lib_a-strcpy.o)
                              C:\Users\Tony\AppData\Local\Temp\cc190ioW.o (strcpy)
c:/apps/arch64/bin/../lib/gcc/aarch64-elf/8.2.1\libc.a(lib_a-strlcpy.o)
                              c:/apps/arch64/bin/../lib/gcc/aarch64-elf/8.2.1\libc.a(lib_a-locale.o) (strlcpy)
c:/apps/arch64/bin/../lib/gcc/aarch64-elf/8.2.1\libc.a(lib_a-strlen.o)
                              C:\Users\Tony\AppData\Local\Temp\cclpmpSK.o (strlen)
c:/apps/arch64/bin/../lib/gcc/aarch64-elf/8.2.1\libc.a(lib_a-strncasecmp.o)
                              c:/apps/arch64/bin/../lib/gcc/aarch64-elf/8.2.1\libc.a(lib_a-locale.o) (strncasecmp)
c:/apps/arch64/bin/../lib/gcc/aarch64-elf/8.2.1\libc.a(lib_a-strncmp.o)
                              c:/apps/arch64/bin/../lib/gcc/aarch64-elf/8.2.1\libc.a(lib_a-locale.o) (strncmp)
c:/apps/arch64/bin/../lib/gcc/aarch64-elf/8.2.1\libc.a(lib_a-strncpy.o)
                              c:/apps/arch64/bin/../lib/gcc/aarch64-elf/8.2.1\libc.a(lib_a-locale.o) (strncpy)
c:/apps/arch64/bin/../lib/gcc/aarch64-elf/8.2.1\libc.a(lib_a-strnlen.o)
                              C:\Users\Tony\AppData\Local\Temp\cc7YmnCn.o (strnlen)
c:/apps/arch64/bin/../lib/gcc/aarch64-elf/8.2.1\libc.a(lib_a-strtol.o)
                              c:/apps/arch64/bin/../lib/gcc/aarch64-elf/8.2.1\libc.a(lib_a-locale.o) (strtol)
c:/apps/arch64/bin/../lib/gcc/aarch64-elf/8.2.1\libc.a(lib_a-wctob.o)
                              C:\Users\Tony\AppData\Local\Temp\ccmD0NPr.o (wctob)
c:/apps/arch64/bin/../lib/gcc/aarch64-elf/8.2.1\libc.a(lib_a-wctomb_r.o)
                              c:/apps/arch64/bin/../lib/gcc/aarch64-elf/8.2.1\libc.a(lib_a-locale.o) (__ascii_wctomb)
c:/apps/arch64/bin/../lib/gcc/aarch64-elf/8.2.1\libc.a(lib_a-ctype_.o)
                              c:/apps/arch64/bin/../lib/gcc/aarch64-elf/8.2.1\libc.a(lib_a-locale.o) (__set_ctype)
c:/apps/arch64/bin/../lib/gcc/aarch64-elf/8.2.1\libc.a(lib_a-freer.o)
                              c:/apps/arch64/bin/../lib/gcc/aarch64-elf/8.2.1\libc.a(lib_a-reent.o) (_free_r)
c:/apps/arch64/bin/../lib/gcc/aarch64-elf/8.2.1\libc.a(lib_a-getenv_r.o)
                              c:/apps/arch64/bin/../lib/gcc/aarch64-elf/8.2.1\libc.a(lib_a-locale.o) (_getenv_r)
c:/apps/arch64/bin/../lib/gcc/aarch64-elf/8.2.1\libc.a(lib_a-impure.o)
                              c:/apps/arch64/bin/../lib/gcc/aarch64-elf/8.2.1\libc.a(lib_a-locale.o) (_impure_ptr)
c:/apps/arch64/bin/../lib/gcc/aarch64-elf/8.2.1\libc.a(lib_a-mallocr.o)
                              c:/apps/arch64/bin/../lib/gcc/aarch64-elf/8.2.1\libc.a(lib_a-freer.o) (__malloc_current_mallinfo)
c:/apps/arch64/bin/../lib/gcc/aarch64-elf/8.2.1\libc.a(lib_a-memset.o)
                              c:/apps/arch64/bin/../lib/gcc/aarch64-elf/8.2.1\libc.a(lib_a-wctob.o) (memset)
c:/apps/arch64/bin/../lib/gcc/aarch64-elf/8.2.1\libc.a(lib_a-mlock.o)
                              c:/apps/arch64/bin/../lib/gcc/aarch64-elf/8.2.1\libc.a(lib_a-freer.o) (__malloc_lock)
c:/apps/arch64/bin/../lib/gcc/aarch64-elf/8.2.1\libc.a(lib_a-sbrkr.o)
                              c:/apps/arch64/bin/../lib/gcc/aarch64-elf/8.2.1\libc.a(lib_a-freer.o) (_sbrk_r)
c:/apps/arch64/bin/../lib/gcc/aarch64-elf/8.2.1\libc.a(lib_a-environ.o)
                              c:/apps/arch64/bin/../lib/gcc/aarch64-elf/8.2.1\libc.a(lib_a-getenv_r.o) (environ)
c:/apps/arch64/bin/../lib/gcc/aarch64-elf/8.2.1\libc.a(lib_a-envlock.o)
                              c:/apps/arch64/bin/../lib/gcc/aarch64-elf/8.2.1\libc.a(lib_a-getenv_r.o) (__env_lock)

Allocating common symbols
Common symbol       size              file

errno               0x4               c:/apps/arch64/bin/../lib/gcc/aarch64-elf/8.2.1\libc.a(lib_a-reent.o)
bpos                0x4               C:\Users\Tony\AppData\Local\Temp\cc190ioW.o
buffer              0x1f4             C:\Users\Tony\AppData\Local\Temp\ccO5PF7b.o
work_dir            0x8               C:\Users\Tony\AppData\Local\Temp\cc190ioW.o
commands            0x30              C:\Users\Tony\AppData\Local\Temp\cc190ioW.o

Discarded input sections

 .data          0x0000000000000000        0x0 C:\Users\Tony\AppData\Local\Temp\ccO5PF7b.o
 .bss           0x0000000000000000        0x0 C:\Users\Tony\AppData\Local\Temp\ccO5PF7b.o
 .comment       0x0000000000000000       0x5f C:\Users\Tony\AppData\Local\Temp\ccO5PF7b.o
 .text          0x0000000000000000        0x0 C:\Users\Tony\AppData\Local\Temp\ccN0DpJj.o
 .data          0x0000000000000000        0x0 C:\Users\Tony\AppData\Local\Temp\ccN0DpJj.o
 .bss           0x0000000000000000        0x0 C:\Users\Tony\AppData\Local\Temp\ccN0DpJj.o
 .comment       0x0000000000000000       0x5f C:\Users\Tony\AppData\Local\Temp\cclpmpSK.o
 .data          0x0000000000000000        0x0 C:\Users\Tony\AppData\Local\Temp\cc7YmnCn.o
 .bss           0x0000000000000000        0x0 C:\Users\Tony\AppData\Local\Temp\cc7YmnCn.o
 .comment       0x0000000000000000       0x5f C:\Users\Tony\AppData\Local\Temp\cc7YmnCn.o
 .comment       0x0000000000000000       0x5f C:\Users\Tony\AppData\Local\Temp\ccmD0NPr.o
 .data          0x0000000000000000        0x0 C:\Users\Tony\AppData\Local\Temp\ccxRrgGL.o
 .comment       0x0000000000000000       0x5f C:\Users\Tony\AppData\Local\Temp\ccxRrgGL.o
 .bss           0x0000000000000000        0x0 C:\Users\Tony\AppData\Local\Temp\ccOc5BCh.o
 .comment       0x0000000000000000       0x5f C:\Users\Tony\AppData\Local\Temp\ccOc5BCh.o
 .data          0x0000000000000000        0x0 C:\Users\Tony\AppData\Local\Temp\cc190ioW.o
 .bss           0x0000000000000000        0x0 C:\Users\Tony\AppData\Local\Temp\cc190ioW.o
 .comment       0x0000000000000000       0x5f C:\Users\Tony\AppData\Local\Temp\cc190ioW.o
 .text          0x0000000000000000        0x0 c:/apps/arch64/bin/../lib/gcc/aarch64-elf/8.2.1\libc.a(lib_a-locale.o)
 .data          0x0000000000000000        0x0 c:/apps/arch64/bin/../lib/gcc/aarch64-elf/8.2.1\libc.a(lib_a-locale.o)
 .bss           0x0000000000000000        0x0 c:/apps/arch64/bin/../lib/gcc/aarch64-elf/8.2.1\libc.a(lib_a-locale.o)
 .text.currentlocale
                0x0000000000000000       0xb8 c:/apps/arch64/bin/../lib/gcc/aarch64-elf/8.2.1\libc.a(lib_a-locale.o)
 .text.__loadlocale
                0x0000000000000000      0x79c c:/apps/arch64/bin/../lib/gcc/aarch64-elf/8.2.1\libc.a(lib_a-locale.o)
 .rodata.__loadlocale
                0x0000000000000000       0x6a c:/apps/arch64/bin/../lib/gcc/aarch64-elf/8.2.1\libc.a(lib_a-locale.o)
 .text.__get_locale_env
                0x0000000000000000       0x88 c:/apps/arch64/bin/../lib/gcc/aarch64-elf/8.2.1\libc.a(lib_a-locale.o)
 .text._setlocale_r
                0x0000000000000000      0x39c c:/apps/arch64/bin/../lib/gcc/aarch64-elf/8.2.1\libc.a(lib_a-locale.o)
 .text.__locale_mb_cur_max
                0x0000000000000000       0x24 c:/apps/arch64/bin/../lib/gcc/aarch64-elf/8.2.1\libc.a(lib_a-locale.o)
 .text.__locale_ctype_ptr_l
                0x0000000000000000        0x8 c:/apps/arch64/bin/../lib/gcc/aarch64-elf/8.2.1\libc.a(lib_a-locale.o)
 .text.setlocale
                0x0000000000000000       0x14 c:/apps/arch64/bin/../lib/gcc/aarch64-elf/8.2.1\libc.a(lib_a-locale.o)
 .bss._PathLocale
                0x0000000000000000        0x8 c:/apps/arch64/bin/../lib/gcc/aarch64-elf/8.2.1\libc.a(lib_a-locale.o)
 .bss.global_locale_string
                0x0000000000000000       0xe7 c:/apps/arch64/bin/../lib/gcc/aarch64-elf/8.2.1\libc.a(lib_a-locale.o)
 .bss.new_categories.4508
                0x0000000000000000       0xe0 c:/apps/arch64/bin/../lib/gcc/aarch64-elf/8.2.1\libc.a(lib_a-locale.o)
 .bss.saved_categories.4509
                0x0000000000000000       0xe0 c:/apps/arch64/bin/../lib/gcc/aarch64-elf/8.2.1\libc.a(lib_a-locale.o)
 .data.__default_locale
                0x0000000000000000       0x20 c:/apps/arch64/bin/../lib/gcc/aarch64-elf/8.2.1\libc.a(lib_a-locale.o)
 .rodata.__C_locale
                0x0000000000000000      0x1a8 c:/apps/arch64/bin/../lib/gcc/aarch64-elf/8.2.1\libc.a(lib_a-locale.o)
 .rodata.__get_locale_env.str1.8
                0x0000000000000000        0xd c:/apps/arch64/bin/../lib/gcc/aarch64-elf/8.2.1\libc.a(lib_a-locale.o)
 .rodata.__loadlocale.str1.8
                0x0000000000000000      0x10b c:/apps/arch64/bin/../lib/gcc/aarch64-elf/8.2.1\libc.a(lib_a-locale.o)
 .rodata.categories
                0x0000000000000000       0x38 c:/apps/arch64/bin/../lib/gcc/aarch64-elf/8.2.1\libc.a(lib_a-locale.o)
 .rodata.currentlocale.str1.8
                0x0000000000000000        0x2 c:/apps/arch64/bin/../lib/gcc/aarch64-elf/8.2.1\libc.a(lib_a-locale.o)
 .comment       0x0000000000000000       0x5f c:/apps/arch64/bin/../lib/gcc/aarch64-elf/8.2.1\libc.a(lib_a-locale.o)
 .debug_frame   0x0000000000000000      0x250 c:/apps/arch64/bin/../lib/gcc/aarch64-elf/8.2.1\libc.a(lib_a-locale.o)
 .text          0x0000000000000000        0x0 c:/apps/arch64/bin/../lib/gcc/aarch64-elf/8.2.1\libc.a(lib_a-mbtowc_r.o)
 .data          0x0000000000000000        0x0 c:/apps/arch64/bin/../lib/gcc/aarch64-elf/8.2.1\libc.a(lib_a-mbtowc_r.o)
 .bss           0x0000000000000000        0x0 c:/apps/arch64/bin/../lib/gcc/aarch64-elf/8.2.1\libc.a(lib_a-mbtowc_r.o)
 .text._mbtowc_r
                0x0000000000000000       0x24 c:/apps/arch64/bin/../lib/gcc/aarch64-elf/8.2.1\libc.a(lib_a-mbtowc_r.o)
 .text.__utf8_mbtowc
                0x0000000000000000      0x2c8 c:/apps/arch64/bin/../lib/gcc/aarch64-elf/8.2.1\libc.a(lib_a-mbtowc_r.o)
 .text.__sjis_mbtowc
                0x0000000000000000       0xcc c:/apps/arch64/bin/../lib/gcc/aarch64-elf/8.2.1\libc.a(lib_a-mbtowc_r.o)
 .text.__eucjp_mbtowc
                0x0000000000000000      0x120 c:/apps/arch64/bin/../lib/gcc/aarch64-elf/8.2.1\libc.a(lib_a-mbtowc_r.o)
 .text.__jis_mbtowc
                0x0000000000000000      0x1d4 c:/apps/arch64/bin/../lib/gcc/aarch64-elf/8.2.1\libc.a(lib_a-mbtowc_r.o)
 .rodata.JIS_action_table
                0x0000000000000000       0x48 c:/apps/arch64/bin/../lib/gcc/aarch64-elf/8.2.1\libc.a(lib_a-mbtowc_r.o)
 .rodata.JIS_state_table
                0x0000000000000000       0x48 c:/apps/arch64/bin/../lib/gcc/aarch64-elf/8.2.1\libc.a(lib_a-mbtowc_r.o)
 .comment       0x0000000000000000       0x5f c:/apps/arch64/bin/../lib/gcc/aarch64-elf/8.2.1\libc.a(lib_a-mbtowc_r.o)
 .debug_frame   0x0000000000000000      0x130 c:/apps/arch64/bin/../lib/gcc/aarch64-elf/8.2.1\libc.a(lib_a-mbtowc_r.o)
 .data          0x0000000000000000        0x0 c:/apps/arch64/bin/../lib/gcc/aarch64-elf/8.2.1\libc.a(lib_a-memcpy.o)
 .bss           0x0000000000000000        0x0 c:/apps/arch64/bin/../lib/gcc/aarch64-elf/8.2.1\libc.a(lib_a-memcpy.o)
 .text          0x0000000000000000        0x0 c:/apps/arch64/bin/../lib/gcc/aarch64-elf/8.2.1\libc.a(lib_a-reent.o)
 .data          0x0000000000000000        0x0 c:/apps/arch64/bin/../lib/gcc/aarch64-elf/8.2.1\libc.a(lib_a-reent.o)
 .bss           0x0000000000000000        0x0 c:/apps/arch64/bin/../lib/gcc/aarch64-elf/8.2.1\libc.a(lib_a-reent.o)
 .text.cleanup_glue
                0x0000000000000000       0x34 c:/apps/arch64/bin/../lib/gcc/aarch64-elf/8.2.1\libc.a(lib_a-reent.o)
 .text._reclaim_reent
                0x0000000000000000       0xf8 c:/apps/arch64/bin/../lib/gcc/aarch64-elf/8.2.1\libc.a(lib_a-reent.o)
 .comment       0x0000000000000000       0x5f c:/apps/arch64/bin/../lib/gcc/aarch64-elf/8.2.1\libc.a(lib_a-reent.o)
 .debug_frame   0x0000000000000000       0x80 c:/apps/arch64/bin/../lib/gcc/aarch64-elf/8.2.1\libc.a(lib_a-reent.o)
 .text          0x0000000000000000        0x0 c:/apps/arch64/bin/../lib/gcc/aarch64-elf/8.2.1\libc.a(lib_a-strcasecmp.o)
 .data          0x0000000000000000        0x0 c:/apps/arch64/bin/../lib/gcc/aarch64-elf/8.2.1\libc.a(lib_a-strcasecmp.o)
 .bss           0x0000000000000000        0x0 c:/apps/arch64/bin/../lib/gcc/aarch64-elf/8.2.1\libc.a(lib_a-strcasecmp.o)
 .text.strcasecmp
                0x0000000000000000       0xa0 c:/apps/arch64/bin/../lib/gcc/aarch64-elf/8.2.1\libc.a(lib_a-strcasecmp.o)
 .debug_info    0x0000000000000000      0x180 c:/apps/arch64/bin/../lib/gcc/aarch64-elf/8.2.1\libc.a(lib_a-strcasecmp.o)
 .debug_abbrev  0x0000000000000000       0xde c:/apps/arch64/bin/../lib/gcc/aarch64-elf/8.2.1\libc.a(lib_a-strcasecmp.o)
 .debug_loc     0x0000000000000000      0x24f c:/apps/arch64/bin/../lib/gcc/aarch64-elf/8.2.1\libc.a(lib_a-strcasecmp.o)
 .debug_aranges
                0x0000000000000000       0x30 c:/apps/arch64/bin/../lib/gcc/aarch64-elf/8.2.1\libc.a(lib_a-strcasecmp.o)
 .debug_ranges  0x0000000000000000       0xd0 c:/apps/arch64/bin/../lib/gcc/aarch64-elf/8.2.1\libc.a(lib_a-strcasecmp.o)
 .debug_line    0x0000000000000000      0x1c7 c:/apps/arch64/bin/../lib/gcc/aarch64-elf/8.2.1\libc.a(lib_a-strcasecmp.o)
 .debug_str     0x0000000000000000      0x239 c:/apps/arch64/bin/../lib/gcc/aarch64-elf/8.2.1\libc.a(lib_a-strcasecmp.o)
 .comment       0x0000000000000000       0x5f c:/apps/arch64/bin/../lib/gcc/aarch64-elf/8.2.1\libc.a(lib_a-strcasecmp.o)
 .debug_frame   0x0000000000000000       0x58 c:/apps/arch64/bin/../lib/gcc/aarch64-elf/8.2.1\libc.a(lib_a-strcasecmp.o)
 .text          0x0000000000000000        0x0 c:/apps/arch64/bin/../lib/gcc/aarch64-elf/8.2.1\libc.a(lib_a-strcat.o)
 .data          0x0000000000000000        0x0 c:/apps/arch64/bin/../lib/gcc/aarch64-elf/8.2.1\libc.a(lib_a-strcat.o)
 .bss           0x0000000000000000        0x0 c:/apps/arch64/bin/../lib/gcc/aarch64-elf/8.2.1\libc.a(lib_a-strcat.o)
 .comment       0x0000000000000000       0x5f c:/apps/arch64/bin/../lib/gcc/aarch64-elf/8.2.1\libc.a(lib_a-strcat.o)
 .debug_frame   0x0000000000000000       0x38 c:/apps/arch64/bin/../lib/gcc/aarch64-elf/8.2.1\libc.a(lib_a-strcat.o)
 .data          0x0000000000000000        0x0 c:/apps/arch64/bin/../lib/gcc/aarch64-elf/8.2.1\libc.a(lib_a-strchr.o)
 .bss           0x0000000000000000        0x0 c:/apps/arch64/bin/../lib/gcc/aarch64-elf/8.2.1\libc.a(lib_a-strchr.o)
 .data          0x0000000000000000        0x0 c:/apps/arch64/bin/../lib/gcc/aarch64-elf/8.2.1\libc.a(lib_a-strcmp.o)
 .bss           0x0000000000000000        0x0 c:/apps/arch64/bin/../lib/gcc/aarch64-elf/8.2.1\libc.a(lib_a-strcmp.o)
 .data          0x0000000000000000        0x0 c:/apps/arch64/bin/../lib/gcc/aarch64-elf/8.2.1\libc.a(lib_a-strcpy.o)
 .bss           0x0000000000000000        0x0 c:/apps/arch64/bin/../lib/gcc/aarch64-elf/8.2.1\libc.a(lib_a-strcpy.o)
 .text          0x0000000000000000        0x0 c:/apps/arch64/bin/../lib/gcc/aarch64-elf/8.2.1\libc.a(lib_a-strlcpy.o)
 .data          0x0000000000000000        0x0 c:/apps/arch64/bin/../lib/gcc/aarch64-elf/8.2.1\libc.a(lib_a-strlcpy.o)
 .bss           0x0000000000000000        0x0 c:/apps/arch64/bin/../lib/gcc/aarch64-elf/8.2.1\libc.a(lib_a-strlcpy.o)
 .text.strlcpy  0x0000000000000000       0x54 c:/apps/arch64/bin/../lib/gcc/aarch64-elf/8.2.1\libc.a(lib_a-strlcpy.o)
 .debug_info    0x0000000000000000      0x9a9 c:/apps/arch64/bin/../lib/gcc/aarch64-elf/8.2.1\libc.a(lib_a-strlcpy.o)
 .debug_abbrev  0x0000000000000000      0x206 c:/apps/arch64/bin/../lib/gcc/aarch64-elf/8.2.1\libc.a(lib_a-strlcpy.o)
 .debug_loc     0x0000000000000000      0x242 c:/apps/arch64/bin/../lib/gcc/aarch64-elf/8.2.1\libc.a(lib_a-strlcpy.o)
 .debug_aranges
                0x0000000000000000       0x30 c:/apps/arch64/bin/../lib/gcc/aarch64-elf/8.2.1\libc.a(lib_a-strlcpy.o)
 .debug_ranges  0x0000000000000000       0x20 c:/apps/arch64/bin/../lib/gcc/aarch64-elf/8.2.1\libc.a(lib_a-strlcpy.o)
 .debug_line    0x0000000000000000      0x2ed c:/apps/arch64/bin/../lib/gcc/aarch64-elf/8.2.1\libc.a(lib_a-strlcpy.o)
 .debug_str     0x0000000000000000      0x615 c:/apps/arch64/bin/../lib/gcc/aarch64-elf/8.2.1\libc.a(lib_a-strlcpy.o)
 .comment       0x0000000000000000       0x5f c:/apps/arch64/bin/../lib/gcc/aarch64-elf/8.2.1\libc.a(lib_a-strlcpy.o)
 .debug_frame   0x0000000000000000       0x28 c:/apps/arch64/bin/../lib/gcc/aarch64-elf/8.2.1\libc.a(lib_a-strlcpy.o)
 .data          0x0000000000000000        0x0 c:/apps/arch64/bin/../lib/gcc/aarch64-elf/8.2.1\libc.a(lib_a-strlen.o)
 .bss           0x0000000000000000        0x0 c:/apps/arch64/bin/../lib/gcc/aarch64-elf/8.2.1\libc.a(lib_a-strlen.o)
 .text          0x0000000000000000        0x0 c:/apps/arch64/bin/../lib/gcc/aarch64-elf/8.2.1\libc.a(lib_a-strncasecmp.o)
 .data          0x0000000000000000        0x0 c:/apps/arch64/bin/../lib/gcc/aarch64-elf/8.2.1\libc.a(lib_a-strncasecmp.o)
 .bss           0x0000000000000000        0x0 c:/apps/arch64/bin/../lib/gcc/aarch64-elf/8.2.1\libc.a(lib_a-strncasecmp.o)
 .text.strncasecmp
                0x0000000000000000       0xcc c:/apps/arch64/bin/../lib/gcc/aarch64-elf/8.2.1\libc.a(lib_a-strncasecmp.o)
 .debug_info    0x0000000000000000      0x19e c:/apps/arch64/bin/../lib/gcc/aarch64-elf/8.2.1\libc.a(lib_a-strncasecmp.o)
 .debug_abbrev  0x0000000000000000       0xed c:/apps/arch64/bin/../lib/gcc/aarch64-elf/8.2.1\libc.a(lib_a-strncasecmp.o)
 .debug_loc     0x0000000000000000      0x30e c:/apps/arch64/bin/../lib/gcc/aarch64-elf/8.2.1\libc.a(lib_a-strncasecmp.o)
 .debug_aranges
                0x0000000000000000       0x30 c:/apps/arch64/bin/../lib/gcc/aarch64-elf/8.2.1\libc.a(lib_a-strncasecmp.o)
 .debug_ranges  0x0000000000000000       0xd0 c:/apps/arch64/bin/../lib/gcc/aarch64-elf/8.2.1\libc.a(lib_a-strncasecmp.o)
 .debug_line    0x0000000000000000      0x274 c:/apps/arch64/bin/../lib/gcc/aarch64-elf/8.2.1\libc.a(lib_a-strncasecmp.o)
 .debug_str     0x0000000000000000      0x242 c:/apps/arch64/bin/../lib/gcc/aarch64-elf/8.2.1\libc.a(lib_a-strncasecmp.o)
 .comment       0x0000000000000000       0x5f c:/apps/arch64/bin/../lib/gcc/aarch64-elf/8.2.1\libc.a(lib_a-strncasecmp.o)
 .debug_frame   0x0000000000000000       0x60 c:/apps/arch64/bin/../lib/gcc/aarch64-elf/8.2.1\libc.a(lib_a-strncasecmp.o)
 .text          0x0000000000000000      0x124 c:/apps/arch64/bin/../lib/gcc/aarch64-elf/8.2.1\libc.a(lib_a-strncmp.o)
 .data          0x0000000000000000        0x0 c:/apps/arch64/bin/../lib/gcc/aarch64-elf/8.2.1\libc.a(lib_a-strncmp.o)
 .bss           0x0000000000000000        0x0 c:/apps/arch64/bin/../lib/gcc/aarch64-elf/8.2.1\libc.a(lib_a-strncmp.o)
 .debug_line    0x0000000000000000      0x10a c:/apps/arch64/bin/../lib/gcc/aarch64-elf/8.2.1\libc.a(lib_a-strncmp.o)
 .debug_info    0x0000000000000000       0x2e c:/apps/arch64/bin/../lib/gcc/aarch64-elf/8.2.1\libc.a(lib_a-strncmp.o)
 .debug_abbrev  0x0000000000000000       0x14 c:/apps/arch64/bin/../lib/gcc/aarch64-elf/8.2.1\libc.a(lib_a-strncmp.o)
 .debug_aranges
                0x0000000000000000       0x30 c:/apps/arch64/bin/../lib/gcc/aarch64-elf/8.2.1\libc.a(lib_a-strncmp.o)
 .debug_str     0x0000000000000000      0x148 c:/apps/arch64/bin/../lib/gcc/aarch64-elf/8.2.1\libc.a(lib_a-strncmp.o)
 .text          0x0000000000000000        0x0 c:/apps/arch64/bin/../lib/gcc/aarch64-elf/8.2.1\libc.a(lib_a-strncpy.o)
 .data          0x0000000000000000        0x0 c:/apps/arch64/bin/../lib/gcc/aarch64-elf/8.2.1\libc.a(lib_a-strncpy.o)
 .bss           0x0000000000000000        0x0 c:/apps/arch64/bin/../lib/gcc/aarch64-elf/8.2.1\libc.a(lib_a-strncpy.o)
 .text.strncpy  0x0000000000000000       0xa8 c:/apps/arch64/bin/../lib/gcc/aarch64-elf/8.2.1\libc.a(lib_a-strncpy.o)
 .debug_info    0x0000000000000000      0x9da c:/apps/arch64/bin/../lib/gcc/aarch64-elf/8.2.1\libc.a(lib_a-strncpy.o)
 .debug_abbrev  0x0000000000000000      0x232 c:/apps/arch64/bin/../lib/gcc/aarch64-elf/8.2.1\libc.a(lib_a-strncpy.o)
 .debug_loc     0x0000000000000000      0x26f c:/apps/arch64/bin/../lib/gcc/aarch64-elf/8.2.1\libc.a(lib_a-strncpy.o)
 .debug_aranges
                0x0000000000000000       0x30 c:/apps/arch64/bin/../lib/gcc/aarch64-elf/8.2.1\libc.a(lib_a-strncpy.o)
 .debug_ranges  0x0000000000000000       0x20 c:/apps/arch64/bin/../lib/gcc/aarch64-elf/8.2.1\libc.a(lib_a-strncpy.o)
 .debug_line    0x0000000000000000      0x32b c:/apps/arch64/bin/../lib/gcc/aarch64-elf/8.2.1\libc.a(lib_a-strncpy.o)
 .debug_str     0x0000000000000000      0x63d c:/apps/arch64/bin/../lib/gcc/aarch64-elf/8.2.1\libc.a(lib_a-strncpy.o)
 .comment       0x0000000000000000       0x5f c:/apps/arch64/bin/../lib/gcc/aarch64-elf/8.2.1\libc.a(lib_a-strncpy.o)
 .debug_frame   0x0000000000000000       0x28 c:/apps/arch64/bin/../lib/gcc/aarch64-elf/8.2.1\libc.a(lib_a-strncpy.o)
 .data          0x0000000000000000        0x0 c:/apps/arch64/bin/../lib/gcc/aarch64-elf/8.2.1\libc.a(lib_a-strnlen.o)
 .bss           0x0000000000000000        0x0 c:/apps/arch64/bin/../lib/gcc/aarch64-elf/8.2.1\libc.a(lib_a-strnlen.o)
 .text          0x0000000000000000        0x0 c:/apps/arch64/bin/../lib/gcc/aarch64-elf/8.2.1\libc.a(lib_a-strtol.o)
 .data          0x0000000000000000        0x0 c:/apps/arch64/bin/../lib/gcc/aarch64-elf/8.2.1\libc.a(lib_a-strtol.o)
 .bss           0x0000000000000000        0x0 c:/apps/arch64/bin/../lib/gcc/aarch64-elf/8.2.1\libc.a(lib_a-strtol.o)
 .text._strtol_l.isra.0
                0x0000000000000000      0x1d0 c:/apps/arch64/bin/../lib/gcc/aarch64-elf/8.2.1\libc.a(lib_a-strtol.o)
 .text._strtol_r
                0x0000000000000000       0x20 c:/apps/arch64/bin/../lib/gcc/aarch64-elf/8.2.1\libc.a(lib_a-strtol.o)
 .text.strtol_l
                0x0000000000000000       0x1c c:/apps/arch64/bin/../lib/gcc/aarch64-elf/8.2.1\libc.a(lib_a-strtol.o)
 .text.strtol   0x0000000000000000       0x30 c:/apps/arch64/bin/../lib/gcc/aarch64-elf/8.2.1\libc.a(lib_a-strtol.o)
 .debug_info    0x0000000000000000     0x1289 c:/apps/arch64/bin/../lib/gcc/aarch64-elf/8.2.1\libc.a(lib_a-strtol.o)
 .debug_abbrev  0x0000000000000000      0x334 c:/apps/arch64/bin/../lib/gcc/aarch64-elf/8.2.1\libc.a(lib_a-strtol.o)
 .debug_loc     0x0000000000000000      0xa63 c:/apps/arch64/bin/../lib/gcc/aarch64-elf/8.2.1\libc.a(lib_a-strtol.o)
 .debug_aranges
                0x0000000000000000       0x60 c:/apps/arch64/bin/../lib/gcc/aarch64-elf/8.2.1\libc.a(lib_a-strtol.o)
 .debug_ranges  0x0000000000000000       0x80 c:/apps/arch64/bin/../lib/gcc/aarch64-elf/8.2.1\libc.a(lib_a-strtol.o)
 .debug_line    0x0000000000000000      0x57b c:/apps/arch64/bin/../lib/gcc/aarch64-elf/8.2.1\libc.a(lib_a-strtol.o)
 .debug_str     0x0000000000000000      0x9df c:/apps/arch64/bin/../lib/gcc/aarch64-elf/8.2.1\libc.a(lib_a-strtol.o)
 .comment       0x0000000000000000       0x5f c:/apps/arch64/bin/../lib/gcc/aarch64-elf/8.2.1\libc.a(lib_a-strtol.o)
 .debug_frame   0x0000000000000000       0xa0 c:/apps/arch64/bin/../lib/gcc/aarch64-elf/8.2.1\libc.a(lib_a-strtol.o)
 .text          0x0000000000000000        0x0 c:/apps/arch64/bin/../lib/gcc/aarch64-elf/8.2.1\libc.a(lib_a-wctob.o)
 .data          0x0000000000000000        0x0 c:/apps/arch64/bin/../lib/gcc/aarch64-elf/8.2.1\libc.a(lib_a-wctob.o)
 .bss           0x0000000000000000        0x0 c:/apps/arch64/bin/../lib/gcc/aarch64-elf/8.2.1\libc.a(lib_a-wctob.o)
 .comment       0x0000000000000000       0x5f c:/apps/arch64/bin/../lib/gcc/aarch64-elf/8.2.1\libc.a(lib_a-wctob.o)
 .debug_frame   0x0000000000000000       0x48 c:/apps/arch64/bin/../lib/gcc/aarch64-elf/8.2.1\libc.a(lib_a-wctob.o)
 .text          0x0000000000000000        0x0 c:/apps/arch64/bin/../lib/gcc/aarch64-elf/8.2.1\libc.a(lib_a-wctomb_r.o)
 .data          0x0000000000000000        0x0 c:/apps/arch64/bin/../lib/gcc/aarch64-elf/8.2.1\libc.a(lib_a-wctomb_r.o)
 .bss           0x0000000000000000        0x0 c:/apps/arch64/bin/../lib/gcc/aarch64-elf/8.2.1\libc.a(lib_a-wctomb_r.o)
 .text._wctomb_r
                0x0000000000000000       0x24 c:/apps/arch64/bin/../lib/gcc/aarch64-elf/8.2.1\libc.a(lib_a-wctomb_r.o)
 .text.__utf8_wctomb
                0x0000000000000000       0xe4 c:/apps/arch64/bin/../lib/gcc/aarch64-elf/8.2.1\libc.a(lib_a-wctomb_r.o)
 .text.__sjis_wctomb
                0x0000000000000000       0x84 c:/apps/arch64/bin/../lib/gcc/aarch64-elf/8.2.1\libc.a(lib_a-wctomb_r.o)
 .text.__eucjp_wctomb
                0x0000000000000000       0xa8 c:/apps/arch64/bin/../lib/gcc/aarch64-elf/8.2.1\libc.a(lib_a-wctomb_r.o)
 .text.__jis_wctomb
                0x0000000000000000       0xbc c:/apps/arch64/bin/../lib/gcc/aarch64-elf/8.2.1\libc.a(lib_a-wctomb_r.o)
 .comment       0x0000000000000000       0x5f c:/apps/arch64/bin/../lib/gcc/aarch64-elf/8.2.1\libc.a(lib_a-wctomb_r.o)
 .debug_frame   0x0000000000000000       0xa0 c:/apps/arch64/bin/../lib/gcc/aarch64-elf/8.2.1\libc.a(lib_a-wctomb_r.o)
 .text          0x0000000000000000        0x0 c:/apps/arch64/bin/../lib/gcc/aarch64-elf/8.2.1\libc.a(lib_a-ctype_.o)
 .data          0x0000000000000000        0x0 c:/apps/arch64/bin/../lib/gcc/aarch64-elf/8.2.1\libc.a(lib_a-ctype_.o)
 .bss           0x0000000000000000        0x0 c:/apps/arch64/bin/../lib/gcc/aarch64-elf/8.2.1\libc.a(lib_a-ctype_.o)
 .text.__set_ctype
                0x0000000000000000       0x10 c:/apps/arch64/bin/../lib/gcc/aarch64-elf/8.2.1\libc.a(lib_a-ctype_.o)
 .comment       0x0000000000000000       0x5f c:/apps/arch64/bin/../lib/gcc/aarch64-elf/8.2.1\libc.a(lib_a-ctype_.o)
 .debug_frame   0x0000000000000000       0x28 c:/apps/arch64/bin/../lib/gcc/aarch64-elf/8.2.1\libc.a(lib_a-ctype_.o)
 .text          0x0000000000000000        0x0 c:/apps/arch64/bin/../lib/gcc/aarch64-elf/8.2.1\libc.a(lib_a-freer.o)
 .data          0x0000000000000000        0x0 c:/apps/arch64/bin/../lib/gcc/aarch64-elf/8.2.1\libc.a(lib_a-freer.o)
 .bss           0x0000000000000000        0x0 c:/apps/arch64/bin/../lib/gcc/aarch64-elf/8.2.1\libc.a(lib_a-freer.o)
 .text._malloc_trim_r
                0x0000000000000000      0x10c c:/apps/arch64/bin/../lib/gcc/aarch64-elf/8.2.1\libc.a(lib_a-freer.o)
 .text._free_r  0x0000000000000000      0x2f0 c:/apps/arch64/bin/../lib/gcc/aarch64-elf/8.2.1\libc.a(lib_a-freer.o)
 .debug_info    0x0000000000000000      0xdef c:/apps/arch64/bin/../lib/gcc/aarch64-elf/8.2.1\libc.a(lib_a-freer.o)
 .debug_abbrev  0x0000000000000000      0x2d8 c:/apps/arch64/bin/../lib/gcc/aarch64-elf/8.2.1\libc.a(lib_a-freer.o)
 .debug_loc     0x0000000000000000      0xa8c c:/apps/arch64/bin/../lib/gcc/aarch64-elf/8.2.1\libc.a(lib_a-freer.o)
 .debug_aranges
                0x0000000000000000       0x40 c:/apps/arch64/bin/../lib/gcc/aarch64-elf/8.2.1\libc.a(lib_a-freer.o)
 .debug_ranges  0x0000000000000000       0x30 c:/apps/arch64/bin/../lib/gcc/aarch64-elf/8.2.1\libc.a(lib_a-freer.o)
 .debug_line    0x0000000000000000      0x66c c:/apps/arch64/bin/../lib/gcc/aarch64-elf/8.2.1\libc.a(lib_a-freer.o)
 .debug_str     0x0000000000000000      0x7f0 c:/apps/arch64/bin/../lib/gcc/aarch64-elf/8.2.1\libc.a(lib_a-freer.o)
 .comment       0x0000000000000000       0x5f c:/apps/arch64/bin/../lib/gcc/aarch64-elf/8.2.1\libc.a(lib_a-freer.o)
 .debug_frame   0x0000000000000000       0xa8 c:/apps/arch64/bin/../lib/gcc/aarch64-elf/8.2.1\libc.a(lib_a-freer.o)
 .text          0x0000000000000000        0x0 c:/apps/arch64/bin/../lib/gcc/aarch64-elf/8.2.1\libc.a(lib_a-getenv_r.o)
 .data          0x0000000000000000        0x0 c:/apps/arch64/bin/../lib/gcc/aarch64-elf/8.2.1\libc.a(lib_a-getenv_r.o)
 .bss           0x0000000000000000        0x0 c:/apps/arch64/bin/../lib/gcc/aarch64-elf/8.2.1\libc.a(lib_a-getenv_r.o)
 .text._findenv_r
                0x0000000000000000       0xf4 c:/apps/arch64/bin/../lib/gcc/aarch64-elf/8.2.1\libc.a(lib_a-getenv_r.o)
 .text._getenv_r
                0x0000000000000000       0x18 c:/apps/arch64/bin/../lib/gcc/aarch64-elf/8.2.1\libc.a(lib_a-getenv_r.o)
 .debug_info    0x0000000000000000      0xae1 c:/apps/arch64/bin/../lib/gcc/aarch64-elf/8.2.1\libc.a(lib_a-getenv_r.o)
 .debug_abbrev  0x0000000000000000      0x261 c:/apps/arch64/bin/../lib/gcc/aarch64-elf/8.2.1\libc.a(lib_a-getenv_r.o)
 .debug_loc     0x0000000000000000      0x312 c:/apps/arch64/bin/../lib/gcc/aarch64-elf/8.2.1\libc.a(lib_a-getenv_r.o)
 .debug_aranges
                0x0000000000000000       0x40 c:/apps/arch64/bin/../lib/gcc/aarch64-elf/8.2.1\libc.a(lib_a-getenv_r.o)
 .debug_ranges  0x0000000000000000       0x30 c:/apps/arch64/bin/../lib/gcc/aarch64-elf/8.2.1\libc.a(lib_a-getenv_r.o)
 .debug_line    0x0000000000000000      0x386 c:/apps/arch64/bin/../lib/gcc/aarch64-elf/8.2.1\libc.a(lib_a-getenv_r.o)
 .debug_str     0x0000000000000000      0x66e c:/apps/arch64/bin/../lib/gcc/aarch64-elf/8.2.1\libc.a(lib_a-getenv_r.o)
 .comment       0x0000000000000000       0x5f c:/apps/arch64/bin/../lib/gcc/aarch64-elf/8.2.1\libc.a(lib_a-getenv_r.o)
 .debug_frame   0x0000000000000000       0x88 c:/apps/arch64/bin/../lib/gcc/aarch64-elf/8.2.1\libc.a(lib_a-getenv_r.o)
 .text          0x0000000000000000        0x0 c:/apps/arch64/bin/../lib/gcc/aarch64-elf/8.2.1\libc.a(lib_a-impure.o)
 .data          0x0000000000000000        0x0 c:/apps/arch64/bin/../lib/gcc/aarch64-elf/8.2.1\libc.a(lib_a-impure.o)
 .bss           0x0000000000000000        0x0 c:/apps/arch64/bin/../lib/gcc/aarch64-elf/8.2.1\libc.a(lib_a-impure.o)
 .rodata._global_impure_ptr
                0x0000000000000000        0x8 c:/apps/arch64/bin/../lib/gcc/aarch64-elf/8.2.1\libc.a(lib_a-impure.o)
 .comment       0x0000000000000000       0x5f c:/apps/arch64/bin/../lib/gcc/aarch64-elf/8.2.1\libc.a(lib_a-impure.o)
 .text          0x0000000000000000        0x0 c:/apps/arch64/bin/../lib/gcc/aarch64-elf/8.2.1\libc.a(lib_a-mallocr.o)
 .data          0x0000000000000000        0x0 c:/apps/arch64/bin/../lib/gcc/aarch64-elf/8.2.1\libc.a(lib_a-mallocr.o)
 .bss           0x0000000000000000        0x0 c:/apps/arch64/bin/../lib/gcc/aarch64-elf/8.2.1\libc.a(lib_a-mallocr.o)
 .text._malloc_r
                0x0000000000000000      0x7f0 c:/apps/arch64/bin/../lib/gcc/aarch64-elf/8.2.1\libc.a(lib_a-mallocr.o)
 .bss.__malloc_current_mallinfo
                0x0000000000000000       0x28 c:/apps/arch64/bin/../lib/gcc/aarch64-elf/8.2.1\libc.a(lib_a-mallocr.o)
 .bss.__malloc_max_sbrked_mem
                0x0000000000000000        0x8 c:/apps/arch64/bin/../lib/gcc/aarch64-elf/8.2.1\libc.a(lib_a-mallocr.o)
 .bss.__malloc_max_total_mem
                0x0000000000000000        0x8 c:/apps/arch64/bin/../lib/gcc/aarch64-elf/8.2.1\libc.a(lib_a-mallocr.o)
 .bss.__malloc_top_pad
                0x0000000000000000        0x8 c:/apps/arch64/bin/../lib/gcc/aarch64-elf/8.2.1\libc.a(lib_a-mallocr.o)
 .data.__malloc_av_
                0x0000000000000000      0x810 c:/apps/arch64/bin/../lib/gcc/aarch64-elf/8.2.1\libc.a(lib_a-mallocr.o)
 .data.__malloc_sbrk_base
                0x0000000000000000        0x8 c:/apps/arch64/bin/../lib/gcc/aarch64-elf/8.2.1\libc.a(lib_a-mallocr.o)
 .data.__malloc_trim_threshold
                0x0000000000000000        0x8 c:/apps/arch64/bin/../lib/gcc/aarch64-elf/8.2.1\libc.a(lib_a-mallocr.o)
 .debug_info    0x0000000000000000      0xf8b c:/apps/arch64/bin/../lib/gcc/aarch64-elf/8.2.1\libc.a(lib_a-mallocr.o)
 .debug_abbrev  0x0000000000000000      0x330 c:/apps/arch64/bin/../lib/gcc/aarch64-elf/8.2.1\libc.a(lib_a-mallocr.o)
 .debug_loc     0x0000000000000000     0x181b c:/apps/arch64/bin/../lib/gcc/aarch64-elf/8.2.1\libc.a(lib_a-mallocr.o)
 .debug_aranges
                0x0000000000000000       0x30 c:/apps/arch64/bin/../lib/gcc/aarch64-elf/8.2.1\libc.a(lib_a-mallocr.o)
 .debug_ranges  0x0000000000000000       0x80 c:/apps/arch64/bin/../lib/gcc/aarch64-elf/8.2.1\libc.a(lib_a-mallocr.o)
 .debug_line    0x0000000000000000      0x99a c:/apps/arch64/bin/../lib/gcc/aarch64-elf/8.2.1\libc.a(lib_a-mallocr.o)
 .debug_str     0x0000000000000000      0x877 c:/apps/arch64/bin/../lib/gcc/aarch64-elf/8.2.1\libc.a(lib_a-mallocr.o)
 .comment       0x0000000000000000       0x5f c:/apps/arch64/bin/../lib/gcc/aarch64-elf/8.2.1\libc.a(lib_a-mallocr.o)
 .debug_frame   0x0000000000000000       0xc8 c:/apps/arch64/bin/../lib/gcc/aarch64-elf/8.2.1\libc.a(lib_a-mallocr.o)
 .data          0x0000000000000000        0x0 c:/apps/arch64/bin/../lib/gcc/aarch64-elf/8.2.1\libc.a(lib_a-memset.o)
 .bss           0x0000000000000000        0x0 c:/apps/arch64/bin/../lib/gcc/aarch64-elf/8.2.1\libc.a(lib_a-memset.o)
 .text          0x0000000000000000        0x0 c:/apps/arch64/bin/../lib/gcc/aarch64-elf/8.2.1\libc.a(lib_a-mlock.o)
 .data          0x0000000000000000        0x0 c:/apps/arch64/bin/../lib/gcc/aarch64-elf/8.2.1\libc.a(lib_a-mlock.o)
 .bss           0x0000000000000000        0x0 c:/apps/arch64/bin/../lib/gcc/aarch64-elf/8.2.1\libc.a(lib_a-mlock.o)
 .text.__malloc_lock
                0x0000000000000000        0x4 c:/apps/arch64/bin/../lib/gcc/aarch64-elf/8.2.1\libc.a(lib_a-mlock.o)
 .text.__malloc_unlock
                0x0000000000000000        0x4 c:/apps/arch64/bin/../lib/gcc/aarch64-elf/8.2.1\libc.a(lib_a-mlock.o)
 .debug_info    0x0000000000000000      0x971 c:/apps/arch64/bin/../lib/gcc/aarch64-elf/8.2.1\libc.a(lib_a-mlock.o)
 .debug_abbrev  0x0000000000000000      0x20e c:/apps/arch64/bin/../lib/gcc/aarch64-elf/8.2.1\libc.a(lib_a-mlock.o)
 .debug_aranges
                0x0000000000000000       0x30 c:/apps/arch64/bin/../lib/gcc/aarch64-elf/8.2.1\libc.a(lib_a-mlock.o)
 .debug_ranges  0x0000000000000000       0x20 c:/apps/arch64/bin/../lib/gcc/aarch64-elf/8.2.1\libc.a(lib_a-mlock.o)
 .debug_line    0x0000000000000000      0x1ff c:/apps/arch64/bin/../lib/gcc/aarch64-elf/8.2.1\libc.a(lib_a-mlock.o)
 .debug_str     0x0000000000000000      0x63b c:/apps/arch64/bin/../lib/gcc/aarch64-elf/8.2.1\libc.a(lib_a-mlock.o)
 .comment       0x0000000000000000       0x5f c:/apps/arch64/bin/../lib/gcc/aarch64-elf/8.2.1\libc.a(lib_a-mlock.o)
 .debug_frame   0x0000000000000000       0x40 c:/apps/arch64/bin/../lib/gcc/aarch64-elf/8.2.1\libc.a(lib_a-mlock.o)
 .text          0x0000000000000000        0x0 c:/apps/arch64/bin/../lib/gcc/aarch64-elf/8.2.1\libc.a(lib_a-sbrkr.o)
 .data          0x0000000000000000        0x0 c:/apps/arch64/bin/../lib/gcc/aarch64-elf/8.2.1\libc.a(lib_a-sbrkr.o)
 .bss           0x0000000000000000        0x0 c:/apps/arch64/bin/../lib/gcc/aarch64-elf/8.2.1\libc.a(lib_a-sbrkr.o)
 .text._sbrk_r  0x0000000000000000       0x4c c:/apps/arch64/bin/../lib/gcc/aarch64-elf/8.2.1\libc.a(lib_a-sbrkr.o)
 .debug_info    0x0000000000000000      0xa0e c:/apps/arch64/bin/../lib/gcc/aarch64-elf/8.2.1\libc.a(lib_a-sbrkr.o)
 .debug_abbrev  0x0000000000000000      0x25f c:/apps/arch64/bin/../lib/gcc/aarch64-elf/8.2.1\libc.a(lib_a-sbrkr.o)
 .debug_loc     0x0000000000000000       0xe1 c:/apps/arch64/bin/../lib/gcc/aarch64-elf/8.2.1\libc.a(lib_a-sbrkr.o)
 .debug_aranges
                0x0000000000000000       0x30 c:/apps/arch64/bin/../lib/gcc/aarch64-elf/8.2.1\libc.a(lib_a-sbrkr.o)
 .debug_ranges  0x0000000000000000       0x20 c:/apps/arch64/bin/../lib/gcc/aarch64-elf/8.2.1\libc.a(lib_a-sbrkr.o)
 .debug_line    0x0000000000000000      0x2d0 c:/apps/arch64/bin/../lib/gcc/aarch64-elf/8.2.1\libc.a(lib_a-sbrkr.o)
 .debug_str     0x0000000000000000      0x652 c:/apps/arch64/bin/../lib/gcc/aarch64-elf/8.2.1\libc.a(lib_a-sbrkr.o)
 .comment       0x0000000000000000       0x5f c:/apps/arch64/bin/../lib/gcc/aarch64-elf/8.2.1\libc.a(lib_a-sbrkr.o)
 .debug_frame   0x0000000000000000       0x48 c:/apps/arch64/bin/../lib/gcc/aarch64-elf/8.2.1\libc.a(lib_a-sbrkr.o)
 .text          0x0000000000000000        0x0 c:/apps/arch64/bin/../lib/gcc/aarch64-elf/8.2.1\libc.a(lib_a-environ.o)
 .data          0x0000000000000000        0x0 c:/apps/arch64/bin/../lib/gcc/aarch64-elf/8.2.1\libc.a(lib_a-environ.o)
 .bss           0x0000000000000000        0x0 c:/apps/arch64/bin/../lib/gcc/aarch64-elf/8.2.1\libc.a(lib_a-environ.o)
 .bss.initial_env
                0x0000000000000000        0x8 c:/apps/arch64/bin/../lib/gcc/aarch64-elf/8.2.1\libc.a(lib_a-environ.o)
 .data.environ  0x0000000000000000        0x8 c:/apps/arch64/bin/../lib/gcc/aarch64-elf/8.2.1\libc.a(lib_a-environ.o)
 .debug_info    0x0000000000000000       0x74 c:/apps/arch64/bin/../lib/gcc/aarch64-elf/8.2.1\libc.a(lib_a-environ.o)
 .debug_abbrev  0x0000000000000000       0x5a c:/apps/arch64/bin/../lib/gcc/aarch64-elf/8.2.1\libc.a(lib_a-environ.o)
 .debug_aranges
                0x0000000000000000       0x20 c:/apps/arch64/bin/../lib/gcc/aarch64-elf/8.2.1\libc.a(lib_a-environ.o)
 .debug_line    0x0000000000000000       0xaa c:/apps/arch64/bin/../lib/gcc/aarch64-elf/8.2.1\libc.a(lib_a-environ.o)
 .debug_str     0x0000000000000000      0x1bd c:/apps/arch64/bin/../lib/gcc/aarch64-elf/8.2.1\libc.a(lib_a-environ.o)
 .comment       0x0000000000000000       0x5f c:/apps/arch64/bin/../lib/gcc/aarch64-elf/8.2.1\libc.a(lib_a-environ.o)
 .text          0x0000000000000000        0x0 c:/apps/arch64/bin/../lib/gcc/aarch64-elf/8.2.1\libc.a(lib_a-envlock.o)
 .data          0x0000000000000000        0x0 c:/apps/arch64/bin/../lib/gcc/aarch64-elf/8.2.1\libc.a(lib_a-envlock.o)
 .bss           0x0000000000000000        0x0 c:/apps/arch64/bin/../lib/gcc/aarch64-elf/8.2.1\libc.a(lib_a-envlock.o)
 .text.__env_lock
                0x0000000000000000        0x4 c:/apps/arch64/bin/../lib/gcc/aarch64-elf/8.2.1\libc.a(lib_a-envlock.o)
 .text.__env_unlock
                0x0000000000000000        0x4 c:/apps/arch64/bin/../lib/gcc/aarch64-elf/8.2.1\libc.a(lib_a-envlock.o)
 .debug_info    0x0000000000000000      0x971 c:/apps/arch64/bin/../lib/gcc/aarch64-elf/8.2.1\libc.a(lib_a-envlock.o)
 .debug_abbrev  0x0000000000000000      0x212 c:/apps/arch64/bin/../lib/gcc/aarch64-elf/8.2.1\libc.a(lib_a-envlock.o)
 .debug_aranges
                0x0000000000000000       0x30 c:/apps/arch64/bin/../lib/gcc/aarch64-elf/8.2.1\libc.a(lib_a-envlock.o)
 .debug_ranges  0x0000000000000000       0x20 c:/apps/arch64/bin/../lib/gcc/aarch64-elf/8.2.1\libc.a(lib_a-envlock.o)
 .debug_line    0x0000000000000000      0x28f c:/apps/arch64/bin/../lib/gcc/aarch64-elf/8.2.1\libc.a(lib_a-envlock.o)
 .debug_str     0x0000000000000000      0x634 c:/apps/arch64/bin/../lib/gcc/aarch64-elf/8.2.1\libc.a(lib_a-envlock.o)
 .comment       0x0000000000000000       0x5f c:/apps/arch64/bin/../lib/gcc/aarch64-elf/8.2.1\libc.a(lib_a-envlock.o)
 .debug_frame   0x0000000000000000       0x40 c:/apps/arch64/bin/../lib/gcc/aarch64-elf/8.2.1\libc.a(lib_a-envlock.o)

Memory Configuration

Name             Origin             Length             Attributes
RAM              0x0000000000080000 0x0000000008000000 xrw
*default*        0x0000000000000000 0xffffffffffffffff

Linker script and memory map


.text           0x0000000000080000     0xa2d8
                0x0000000000080000                . = ALIGN (0x4)
                0x0000000000080000                __text_start__ = .
                0x0000000000080000                _start = .
 *(.text.startup)
 .text.startup  0x0000000000080000      0x308 C:\Users\Tony\AppData\Local\Temp\ccN0DpJj.o
                0x000000000008029c                RPi_CpuIdString
                0x00000000000802b0                EnableInterrupts
                0x00000000000802b8                DisableInterrupts
                0x00000000000802c0                CoreExecute
 *(.text .text.* .gnu.linkonce.t.*)
 *fill*         0x0000000000080308        0x8 
 .text          0x0000000000080310       0x94 C:\Users\Tony\AppData\Local\Temp\ccO5PF7b.o
                0x0000000000080310                kernel_main
 .text.ARMaddrToGPUaddr
                0x00000000000803a4        0xc C:\Users\Tony\AppData\Local\Temp\ccN0DpJj.o
                0x00000000000803a4                ARMaddrToGPUaddr
 *fill*         0x00000000000803b0      0x450 
 .text.GPUaddrToARMaddr
                0x0000000000080800      0xf84 C:\Users\Tony\AppData\Local\Temp\ccN0DpJj.o
                0x0000000000080800                GPUaddrToARMaddr
                0x000000000008080c                c_irq_handler
                0x0000000000080810                c_irq_identify_and_clear_source
                0x0000000000080814                irq_handler
                0x0000000000081000                VectorTable
 *fill*         0x0000000000081784        0xc 
 .text          0x0000000000081790     0x2538 C:\Users\Tony\AppData\Local\Temp\cclpmpSK.o
                0x00000000000827d0                gpio_setup
                0x0000000000082840                gpio_output
                0x00000000000828b0                gpio_input
                0x00000000000828f0                gpio_checkEvent
                0x0000000000082930                gpio_clearEvent
                0x0000000000082970                gpio_edgeDetect
                0x0000000000082a10                gpio_fixResistor
                0x0000000000082af0                timer_getTickCount
                0x0000000000082b20                timer_wait
                0x0000000000082b80                tick_difference
                0x0000000000082b90                mailbox_write
                0x0000000000082bd0                mailbox_read
                0x0000000000082c20                mailbox_tag_message
                0x0000000000082dc0                set_Activity_LED
                0x0000000000082f40                ARM_setmaxspeed
                0x0000000000082fd0                displaySmartStart
                0x0000000000083040                Embedded_Console_WriteChar
                0x0000000000083120                WriteText
                0x0000000000083240                SetDCPenColor
                0x0000000000083260                SetDCBrushColor
                0x0000000000083280                MoveToEx
                0x00000000000832b0                LineTo
                0x0000000000083380                TextOut
                0x0000000000083400                BmpOut
                0x0000000000083450                CvtBmpLine
                0x00000000000837f0                SmartStartPutPixelRaw
                0x0000000000083800                Rectangle
                0x0000000000083830                PiConsole_Init
                0x0000000000083ac0                GetConsoleDC
                0x0000000000083ad0                GetConsole_FrameBuffer
                0x0000000000083ae0                GetConsole_Width
                0x0000000000083af0                GetConsole_Height
                0x0000000000083b00                _sbrk
                0x0000000000083b30                _kill
                0x0000000000083b50                _getpid
                0x0000000000083b60                _read
                0x0000000000083b70                _close
                0x0000000000083b80                _lseek
                0x0000000000083b90                _isatty
                0x0000000000083ba0                _fstat
                0x0000000000083bb0                _exit
                0x0000000000083bc0                _write
 *fill*         0x0000000000083cc8        0x8 
 .text          0x0000000000083cd0      0xd24 C:\Users\Tony\AppData\Local\Temp\cc7YmnCn.o
                0x0000000000083f80                vsprintf
                0x00000000000848b0                sprintf
                0x0000000000084930                printf
 *fill*         0x00000000000849f4        0xc 
 .text          0x0000000000084a00     0x39ec C:\Users\Tony\AppData\Local\Temp\ccmD0NPr.o
                0x0000000000085d60                sdTransferBlocks
                0x00000000000860d0                sdClearBlocks
                0x0000000000086250                getSetNextCluster
                0x00000000000864a0                WildcardMatch
                0x0000000000086dd0                sdFindFirstFile
                0x00000000000871c0                sdFindNextFile
                0x0000000000087280                sdFindClose
                0x00000000000872d0                sdCreateFile
                0x0000000000087700                sdReadFile
                0x0000000000087a40                sdCloseHandle
                0x0000000000087a90                sdSetFilePointer
                0x0000000000087ea0                sdGetFileSize
                0x0000000000087ee0                sdInitCard
                0x00000000000883d0                sdCardCSD
 *fill*         0x00000000000883ec        0x4 
 .text          0x00000000000883f0      0x368 C:\Users\Tony\AppData\Local\Temp\ccxRrgGL.o
                0x00000000000883f0                fonts_is_implemented
                0x0000000000088410                fonts_char_to_font
                0x0000000000088430                fonts_init
 *fill*         0x0000000000088758        0x8 
 .text          0x0000000000088760      0xa88 C:\Users\Tony\AppData\Local\Temp\ccOc5BCh.o
                0x0000000000088760                hal_io_init
                0x0000000000088770                hal_io_video_init
                0x0000000000088790                hal_io_video_line
                0x0000000000088890                hal_io_video_putc
                0x0000000000088b40                hal_io_video_putc_x_y
                0x0000000000088d70                hal_io_video_puts
                0x0000000000089070                hal_io_video_put_pixel
                0x00000000000890a0                hal_io_serial_init
                0x0000000000089140                hal_io_serial_puts
                0x0000000000089180                hal_io_serial_putc
                0x00000000000891b0                hal_io_serial_getc
 *fill*         0x00000000000891e8        0x8 
 .text          0x00000000000891f0      0x628 C:\Users\Tony\AppData\Local\Temp\cc190ioW.o
                0x00000000000891f0                sysinfo
                0x0000000000089200                cd
                0x00000000000892e0                ls
                0x0000000000089460                trm_init
                0x00000000000894d0                trm_capture
                0x00000000000896e0                trm_parse_buffer
                0x0000000000089790                buffer_out
                0x00000000000897a0                buffer_add_c
                0x00000000000897d0                buffer_backs
                0x0000000000089800                buffer_clear
 .text.__locale_ctype_ptr
                0x0000000000089818       0x24 c:/apps/arch64/bin/../lib/gcc/aarch64-elf/8.2.1\libc.a(lib_a-locale.o)
                0x0000000000089818                __locale_ctype_ptr
 *fill*         0x000000000008983c        0x4 
 .text.__ascii_mbtowc
                0x0000000000089840       0x48 c:/apps/arch64/bin/../lib/gcc/aarch64-elf/8.2.1\libc.a(lib_a-mbtowc_r.o)
                0x0000000000089840                __ascii_mbtowc
 *fill*         0x0000000000089888       0x38 
 .text          0x00000000000898c0      0x16c c:/apps/arch64/bin/../lib/gcc/aarch64-elf/8.2.1\libc.a(lib_a-memcpy.o)
                0x00000000000898c0                memcpy
 *fill*         0x0000000000089a2c        0x4 
 .text.strcat   0x0000000000089a30       0x74 c:/apps/arch64/bin/../lib/gcc/aarch64-elf/8.2.1\libc.a(lib_a-strcat.o)
                0x0000000000089a30                strcat
 .text          0x0000000000089aa4       0xdc c:/apps/arch64/bin/../lib/gcc/aarch64-elf/8.2.1\libc.a(lib_a-strchr.o)
                0x0000000000089aa4                strchr
 .text          0x0000000000089b80       0xa4 c:/apps/arch64/bin/../lib/gcc/aarch64-elf/8.2.1\libc.a(lib_a-strcmp.o)
                0x0000000000089b80                strcmp
 *fill*         0x0000000000089c24       0x1c 
 .text          0x0000000000089c40      0x1b8 c:/apps/arch64/bin/../lib/gcc/aarch64-elf/8.2.1\libc.a(lib_a-strcpy.o)
                0x0000000000089c40                strcpy
 *fill*         0x0000000000089df8        0x8 
 .text          0x0000000000089e00      0x140 c:/apps/arch64/bin/../lib/gcc/aarch64-elf/8.2.1\libc.a(lib_a-strlen.o)
                0x0000000000089e00                strlen
 .text          0x0000000000089f40       0xe0 c:/apps/arch64/bin/../lib/gcc/aarch64-elf/8.2.1\libc.a(lib_a-strnlen.o)
                0x0000000000089f64                strnlen
 .text.wctob    0x000000000008a020       0x84 c:/apps/arch64/bin/../lib/gcc/aarch64-elf/8.2.1\libc.a(lib_a-wctob.o)
                0x000000000008a020                wctob
 *fill*         0x000000000008a0a4        0x4 
 .text.__ascii_wctomb
                0x000000000008a0a8       0x34 c:/apps/arch64/bin/../lib/gcc/aarch64-elf/8.2.1\libc.a(lib_a-wctomb_r.o)
                0x000000000008a0a8                __ascii_wctomb
 *fill*         0x000000000008a0dc       0x24 
 .text          0x000000000008a100      0x1d8 c:/apps/arch64/bin/../lib/gcc/aarch64-elf/8.2.1\libc.a(lib_a-memset.o)
                0x000000000008a100                memset
 *(.rel.text .rel.text.* .rel.gnu.linkonce.t.*)
 *(.init .init.*)
                0x000000000008a2d8                . = ALIGN (0x4)
                0x000000000008a2d8                __text_end__ = .

.iplt           0x000000000008a2d8        0x0
 .iplt          0x000000000008a2d8        0x0 C:\Users\Tony\AppData\Local\Temp\ccO5PF7b.o

.bss            0x000000000008a2d8     0x3344
                0x000000000008a2d8                . = ALIGN (0x4)
                0x000000000008a2d8                __bss_start__ = .
 *(.bss .bss.* .gnu.linkonce.b.*)
 .bss           0x000000000008a2d8       0x70 C:\Users\Tony\AppData\Local\Temp\cclpmpSK.o
                0x000000000008a2dc                console
 .bss           0x000000000008a348     0x25a0 C:\Users\Tony\AppData\Local\Temp\ccmD0NPr.o
                0x000000000008a348                LOG_ERROR
 .bss           0x000000000008c8e8      0xaf4 C:\Users\Tony\AppData\Local\Temp\ccxRrgGL.o
 *(.rela.bss .rela.bss.* .rela.gnu.linkonce.b.*)
 *(COMMON)
 *fill*         0x000000000008d3dc        0x4 
 COMMON         0x000000000008d3e0      0x1f4 C:\Users\Tony\AppData\Local\Temp\ccO5PF7b.o
                0x000000000008d3e0                buffer
 *fill*         0x000000000008d5d4        0x4 
 COMMON         0x000000000008d5d8       0x40 C:\Users\Tony\AppData\Local\Temp\cc190ioW.o
                0x000000000008d5d8                bpos
                0x000000000008d5e0                work_dir
                0x000000000008d5e8                commands
 COMMON         0x000000000008d618        0x4 c:/apps/arch64/bin/../lib/gcc/aarch64-elf/8.2.1\libc.a(lib_a-reent.o)
                0x000000000008d618                errno
                0x000000000008d61c                . = ALIGN (0x4)
                0x000000000008d61c                __bss_end__ = .

.rodata         0x000000000008d620     0x17b4
                0x000000000008d620                . = ALIGN (0x4)
                0x000000000008d620                __rodata_start__ = .
 *(.rodata .rodata.*)
 .rodata.str1.8
                0x000000000008d620        0x3 C:\Users\Tony\AppData\Local\Temp\ccO5PF7b.o
                                          0xb (size before relaxing)
 *fill*         0x000000000008d623        0x1 
 .rodata.cpuid  0x000000000008d624        0xc C:\Users\Tony\AppData\Local\Temp\ccN0DpJj.o
 .rodata        0x000000000008d630     0x1004 C:\Users\Tony\AppData\Local\Temp\cclpmpSK.o
                0x000000000008e630                BitFontEnd
 *fill*         0x000000000008e634        0x4 
 .rodata.str1.8
                0x000000000008e638       0xec C:\Users\Tony\AppData\Local\Temp\cclpmpSK.o
 *fill*         0x000000000008e724        0x4 
 .rodata        0x000000000008e728       0x10 C:\Users\Tony\AppData\Local\Temp\cc7YmnCn.o
 .rodata        0x000000000008e738       0x28 C:\Users\Tony\AppData\Local\Temp\ccmD0NPr.o
 .rodata.str1.8
                0x000000000008e760      0x39a C:\Users\Tony\AppData\Local\Temp\ccmD0NPr.o
 *fill*         0x000000000008eafa        0x6 
 .rodata        0x000000000008eb00       0x60 C:\Users\Tony\AppData\Local\Temp\cc190ioW.o
 .rodata.str1.8
                0x000000000008eb60      0x10c C:\Users\Tony\AppData\Local\Temp\cc190ioW.o
                                        0x114 (size before relaxing)
 *fill*         0x000000000008ec6c        0x4 
 .rodata.str1.8
                0x000000000008ec70       0x60 c:/apps/arch64/bin/../lib/gcc/aarch64-elf/8.2.1\libc.a(lib_a-locale.o)
                                         0x64 (size before relaxing)
 .rodata._ctype_
                0x000000000008ecd0      0x101 c:/apps/arch64/bin/../lib/gcc/aarch64-elf/8.2.1\libc.a(lib_a-ctype_.o)
                0x000000000008ecd0                _ctype_
 *(.rel.rodata .rel.rodata.* .rel.gnu.linkonce.r.*)
                0x000000000008edd4                . = ALIGN (0x4)
 *fill*         0x000000000008edd1        0x3 
                0x000000000008edd4                __rodata_end__ = .

.rela.dyn       0x000000000008edd8        0x0
 .rela.iplt     0x000000000008edd8        0x0 C:\Users\Tony\AppData\Local\Temp\ccO5PF7b.o
 .rela.text.startup
                0x000000000008edd8        0x0 C:\Users\Tony\AppData\Local\Temp\ccO5PF7b.o
 .rela.text     0x000000000008edd8        0x0 C:\Users\Tony\AppData\Local\Temp\ccO5PF7b.o

.data           0x000000000008edd8      0xcc8
                0x000000000008edd8                . = ALIGN (0x4)
                0x000000000008edd8                __data_start__ = .
 *(.data .data.* .gnu.linkonce.d.*)
 .data.smartstart64
                0x000000000008edd8       0x18 C:\Users\Tony\AppData\Local\Temp\ccN0DpJj.o
                0x000000000008edd8                RPi_IO_Base_Addr
                0x000000000008eddc                RPi_BootAddr
                0x000000000008ede0                RPi_CoresReady
                0x000000000008ede4                RPi_CPUBootMode
                0x000000000008ede8                RPi_CpuId
                0x000000000008edec                RPi_CompileMode
 .data          0x000000000008edf0        0x4 C:\Users\Tony\AppData\Local\Temp\cclpmpSK.o
 *fill*         0x000000000008edf4        0x4 
 .data          0x000000000008edf8      0x3a8 C:\Users\Tony\AppData\Local\Temp\ccmD0NPr.o
 .data          0x000000000008f1a0        0x8 C:\Users\Tony\AppData\Local\Temp\ccOc5BCh.o
                0x000000000008f1a0                curr_y
                0x000000000008f1a4                curr_x
 .data.__global_locale
                0x000000000008f1a8      0x1a8 c:/apps/arch64/bin/../lib/gcc/aarch64-elf/8.2.1\libc.a(lib_a-locale.o)
                0x000000000008f1a8                __global_locale
 .data._impure_ptr
                0x000000000008f350        0x8 c:/apps/arch64/bin/../lib/gcc/aarch64-elf/8.2.1\libc.a(lib_a-impure.o)
                0x000000000008f350                _impure_ptr
 .data.impure_data
                0x000000000008f358      0x748 c:/apps/arch64/bin/../lib/gcc/aarch64-elf/8.2.1\libc.a(lib_a-impure.o)
 *(.rel.data .rel.data.* .rel.gnu.linkonce.d.*)
                0x000000000008faa0                . = ALIGN (0x4)
                0x000000000008faa0                __data_end__ = .

.igot.plt       0x000000000008faa0        0x0
 .igot.plt      0x000000000008faa0        0x0 C:\Users\Tony\AppData\Local\Temp\ccO5PF7b.o

.data1          0x000000000008faa0        0x0
                0x000000000008faa0                . = ALIGN (0x10)
                0x000000000008faa0                __data1_start__ = .
 *(.data1 .data1.*)
 *(.rel.data1 .rel.data1.*)
                0x000000000008faa0                . = ALIGN (0x10)
                0x000000000008faa0                __data1_end__ = .

.stack          0x000000000008faa0     0xc200
                0x000000000008faa0                . = ALIGN (0x10)
                0x000000000008faa0                __stack_start__ = .
                0x000000000008fca0                . = (. + 0x200)
 *fill*         0x000000000008faa0      0x200 
                0x000000000008fca0                __EL0_stack_core0 = .
                0x0000000000097ca0                . = (. + 0x8000)
 *fill*         0x000000000008fca0     0x8000 
                0x0000000000097ca0                __EL1_stack_core0 = .
                0x000000000009bca0                . = (. + 0x4000)
 *fill*         0x0000000000097ca0     0x4000 
                0x000000000009bca0                __EL2_stack_core0 = .
                0x000000000009bca0                . = ALIGN (0x10)
                0x000000000009bca0                __stack_end__ = .

.stack_core1    0x000000000009bca0     0x1400
                0x000000000009bca0                . = ALIGN (0x10)
                0x000000000009bca0                __stack_start_core1__ = .
                0x000000000009bea0                . = (. + 0x200)
 *fill*         0x000000000009bca0      0x200 
                0x000000000009bea0                __EL0_stack_core1 = .
                0x000000000009c0a0                . = (. + 0x200)
 *fill*         0x000000000009bea0      0x200 
                0x000000000009c0a0                __EL1_stack_core1 = .
                0x000000000009d0a0                . = (. + 0x1000)
 *fill*         0x000000000009c0a0     0x1000 
                0x000000000009d0a0                __EL2_stack_core1 = .
                0x000000000009d0a0                . = ALIGN (0x10)
                0x000000000009d0a0                __stack_end_core1__ = .

.stack_core2    0x000000000009d0a0     0x1400
                0x000000000009d0a0                . = ALIGN (0x10)
                0x000000000009d0a0                __stack_start_core2__ = .
                0x000000000009d2a0                . = (. + 0x200)
 *fill*         0x000000000009d0a0      0x200 
                0x000000000009d2a0                __EL0_stack_core2 = .
                0x000000000009d4a0                . = (. + 0x200)
 *fill*         0x000000000009d2a0      0x200 
                0x000000000009d4a0                __EL1_stack_core2 = .
                0x000000000009e4a0                . = (. + 0x1000)
 *fill*         0x000000000009d4a0     0x1000 
                0x000000000009e4a0                __EL2_stack_core2 = .
                0x000000000009e4a0                . = ALIGN (0x10)
                0x000000000009e4a0                __stack_end_core2__ = .

.stack_core3    0x000000000009e4a0     0x1400
                0x000000000009e4a0                . = ALIGN (0x10)
                0x000000000009e4a0                __stack_start_core3__ = .
                0x000000000009e6a0                . = (. + 0x200)
 *fill*         0x000000000009e4a0      0x200 
                0x000000000009e6a0                __EL0_stack_core3 = .
                0x000000000009e8a0                . = (. + 0x200)
 *fill*         0x000000000009e6a0      0x200 
                0x000000000009e8a0                __EL1_stack_core3 = .
                0x000000000009f8a0                . = (. + 0x1000)
 *fill*         0x000000000009e8a0     0x1000 
                0x000000000009f8a0                __EL2_stack_core3 = .
                0x000000000009f8a0                . = ALIGN (0x10)
                0x000000000009f8a0                __stack_end_core3__ = .

.ARM.attributes
 *(.ARM.attributes)

.Heap           0x000000000009f8a0        0x0
                0x000000000009f8a0                . = ALIGN (0x4)
                0x000000000009f8a0                __heap_start__ = .
                0x000000000009f8a0                __end__ = .
                [!provide]                        PROVIDE (__end__ = .)
                0x000000000009f8a0                _end = .
                [!provide]                        PROVIDE (end = .)

/DISCARD/
 *(.ARM.exidx .ARM.exidx.*)
 *(.rel.ARM.exidx .rel.ARM.exidx.* .gnu.linkonce.armexidx.*)
 *(.debug_frame .debug_frame.*)
 *(.comment *.comment.*)
 *(.symtab .symtab.*)
 *(.strtab .strtab.*)
 *(.shstrtab .shstrtab.*)
 *(.note.GNU-stack)
 *(.gnu_debuglink)
 *(.gnu.lto_*)
LOAD C:\Users\Tony\AppData\Local\Temp\ccO5PF7b.o
LOAD C:\Users\Tony\AppData\Local\Temp\ccN0DpJj.o
LOAD C:\Users\Tony\AppData\Local\Temp\cclpmpSK.o
LOAD C:\Users\Tony\AppData\Local\Temp\cc7YmnCn.o
LOAD C:\Users\Tony\AppData\Local\Temp\ccmD0NPr.o
LOAD C:\Users\Tony\AppData\Local\Temp\ccxRrgGL.o
LOAD C:\Users\Tony\AppData\Local\Temp\ccOc5BCh.o
LOAD C:\Users\Tony\AppData\Local\Temp\cc190ioW.o
LOAD c:/apps/arch64/bin/../lib/gcc/aarch64-elf/8.2.1\libc.a
LOAD c:/apps/arch64/bin/../lib/gcc/aarch64-elf/8.2.1\libm.a
LOAD c:/apps/arch64/bin/../lib/gcc/aarch64-elf/8.2.1\libgcc.a
OUTPUT(output/kernel_rp3.elf elf64-littleaarch64)

.debug_info     0x0000000000000000     0x86a0
 .debug_info    0x0000000000000000     0x2011 c:/apps/arch64/bin/../lib/gcc/aarch64-elf/8.2.1\libc.a(lib_a-locale.o)
 .debug_info    0x0000000000002011     0x1563 c:/apps/arch64/bin/../lib/gcc/aarch64-elf/8.2.1\libc.a(lib_a-mbtowc_r.o)
 .debug_info    0x0000000000003574       0x2e c:/apps/arch64/bin/../lib/gcc/aarch64-elf/8.2.1\libc.a(lib_a-memcpy.o)
 .debug_info    0x00000000000035a2      0xb1d c:/apps/arch64/bin/../lib/gcc/aarch64-elf/8.2.1\libc.a(lib_a-reent.o)
 .debug_info    0x00000000000040bf      0x9c0 c:/apps/arch64/bin/../lib/gcc/aarch64-elf/8.2.1\libc.a(lib_a-strcat.o)
 .debug_info    0x0000000000004a7f       0x2e c:/apps/arch64/bin/../lib/gcc/aarch64-elf/8.2.1\libc.a(lib_a-strchr.o)
 .debug_info    0x0000000000004aad       0x2e c:/apps/arch64/bin/../lib/gcc/aarch64-elf/8.2.1\libc.a(lib_a-strcmp.o)
 .debug_info    0x0000000000004adb       0x2e c:/apps/arch64/bin/../lib/gcc/aarch64-elf/8.2.1\libc.a(lib_a-strcpy.o)
 .debug_info    0x0000000000004b09       0x2e c:/apps/arch64/bin/../lib/gcc/aarch64-elf/8.2.1\libc.a(lib_a-strlen.o)
 .debug_info    0x0000000000004b37       0x2e c:/apps/arch64/bin/../lib/gcc/aarch64-elf/8.2.1\libc.a(lib_a-strnlen.o)
 .debug_info    0x0000000000004b65      0xfba c:/apps/arch64/bin/../lib/gcc/aarch64-elf/8.2.1\libc.a(lib_a-wctob.o)
 .debug_info    0x0000000000005b1f     0x1314 c:/apps/arch64/bin/../lib/gcc/aarch64-elf/8.2.1\libc.a(lib_a-wctomb_r.o)
 .debug_info    0x0000000000006e33      0xf05 c:/apps/arch64/bin/../lib/gcc/aarch64-elf/8.2.1\libc.a(lib_a-ctype_.o)
 .debug_info    0x0000000000007d38      0x93a c:/apps/arch64/bin/../lib/gcc/aarch64-elf/8.2.1\libc.a(lib_a-impure.o)
 .debug_info    0x0000000000008672       0x2e c:/apps/arch64/bin/../lib/gcc/aarch64-elf/8.2.1\libc.a(lib_a-memset.o)

.debug_abbrev   0x0000000000000000     0x1685
 .debug_abbrev  0x0000000000000000      0x414 c:/apps/arch64/bin/../lib/gcc/aarch64-elf/8.2.1\libc.a(lib_a-locale.o)
 .debug_abbrev  0x0000000000000414      0x388 c:/apps/arch64/bin/../lib/gcc/aarch64-elf/8.2.1\libc.a(lib_a-mbtowc_r.o)
 .debug_abbrev  0x000000000000079c       0x14 c:/apps/arch64/bin/../lib/gcc/aarch64-elf/8.2.1\libc.a(lib_a-memcpy.o)
 .debug_abbrev  0x00000000000007b0      0x2c9 c:/apps/arch64/bin/../lib/gcc/aarch64-elf/8.2.1\libc.a(lib_a-reent.o)
 .debug_abbrev  0x0000000000000a79      0x23b c:/apps/arch64/bin/../lib/gcc/aarch64-elf/8.2.1\libc.a(lib_a-strcat.o)
 .debug_abbrev  0x0000000000000cb4       0x14 c:/apps/arch64/bin/../lib/gcc/aarch64-elf/8.2.1\libc.a(lib_a-strchr.o)
 .debug_abbrev  0x0000000000000cc8       0x14 c:/apps/arch64/bin/../lib/gcc/aarch64-elf/8.2.1\libc.a(lib_a-strcmp.o)
 .debug_abbrev  0x0000000000000cdc       0x14 c:/apps/arch64/bin/../lib/gcc/aarch64-elf/8.2.1\libc.a(lib_a-strcpy.o)
 .debug_abbrev  0x0000000000000cf0       0x14 c:/apps/arch64/bin/../lib/gcc/aarch64-elf/8.2.1\libc.a(lib_a-strlen.o)
 .debug_abbrev  0x0000000000000d04       0x14 c:/apps/arch64/bin/../lib/gcc/aarch64-elf/8.2.1\libc.a(lib_a-strnlen.o)
 .debug_abbrev  0x0000000000000d18      0x297 c:/apps/arch64/bin/../lib/gcc/aarch64-elf/8.2.1\libc.a(lib_a-wctob.o)
 .debug_abbrev  0x0000000000000faf      0x2ce c:/apps/arch64/bin/../lib/gcc/aarch64-elf/8.2.1\libc.a(lib_a-wctomb_r.o)
 .debug_abbrev  0x000000000000127d      0x22d c:/apps/arch64/bin/../lib/gcc/aarch64-elf/8.2.1\libc.a(lib_a-ctype_.o)
 .debug_abbrev  0x00000000000014aa      0x1c7 c:/apps/arch64/bin/../lib/gcc/aarch64-elf/8.2.1\libc.a(lib_a-impure.o)
 .debug_abbrev  0x0000000000001671       0x14 c:/apps/arch64/bin/../lib/gcc/aarch64-elf/8.2.1\libc.a(lib_a-memset.o)

.debug_loc      0x0000000000000000     0x4191
 .debug_loc     0x0000000000000000     0x1506 c:/apps/arch64/bin/../lib/gcc/aarch64-elf/8.2.1\libc.a(lib_a-locale.o)
 .debug_loc     0x0000000000001506     0x166d c:/apps/arch64/bin/../lib/gcc/aarch64-elf/8.2.1\libc.a(lib_a-mbtowc_r.o)
 .debug_loc     0x0000000000002b73      0x24a c:/apps/arch64/bin/../lib/gcc/aarch64-elf/8.2.1\libc.a(lib_a-reent.o)
 .debug_loc     0x0000000000002dbd      0x12e c:/apps/arch64/bin/../lib/gcc/aarch64-elf/8.2.1\libc.a(lib_a-strcat.o)
 .debug_loc     0x0000000000002eeb       0xce c:/apps/arch64/bin/../lib/gcc/aarch64-elf/8.2.1\libc.a(lib_a-wctob.o)
 .debug_loc     0x0000000000002fb9     0x1157 c:/apps/arch64/bin/../lib/gcc/aarch64-elf/8.2.1\libc.a(lib_a-wctomb_r.o)
 .debug_loc     0x0000000000004110       0x81 c:/apps/arch64/bin/../lib/gcc/aarch64-elf/8.2.1\libc.a(lib_a-ctype_.o)

.debug_aranges  0x0000000000000000      0x3e0
 .debug_aranges
                0x0000000000000000       0xa0 c:/apps/arch64/bin/../lib/gcc/aarch64-elf/8.2.1\libc.a(lib_a-locale.o)
 .debug_aranges
                0x00000000000000a0       0x80 c:/apps/arch64/bin/../lib/gcc/aarch64-elf/8.2.1\libc.a(lib_a-mbtowc_r.o)
 .debug_aranges
                0x0000000000000120       0x30 c:/apps/arch64/bin/../lib/gcc/aarch64-elf/8.2.1\libc.a(lib_a-memcpy.o)
 .debug_aranges
                0x0000000000000150       0x40 c:/apps/arch64/bin/../lib/gcc/aarch64-elf/8.2.1\libc.a(lib_a-reent.o)
 .debug_aranges
                0x0000000000000190       0x30 c:/apps/arch64/bin/../lib/gcc/aarch64-elf/8.2.1\libc.a(lib_a-strcat.o)
 .debug_aranges
                0x00000000000001c0       0x30 c:/apps/arch64/bin/../lib/gcc/aarch64-elf/8.2.1\libc.a(lib_a-strchr.o)
 .debug_aranges
                0x00000000000001f0       0x30 c:/apps/arch64/bin/../lib/gcc/aarch64-elf/8.2.1\libc.a(lib_a-strcmp.o)
 .debug_aranges
                0x0000000000000220       0x30 c:/apps/arch64/bin/../lib/gcc/aarch64-elf/8.2.1\libc.a(lib_a-strcpy.o)
 .debug_aranges
                0x0000000000000250       0x30 c:/apps/arch64/bin/../lib/gcc/aarch64-elf/8.2.1\libc.a(lib_a-strlen.o)
 .debug_aranges
                0x0000000000000280       0x30 c:/apps/arch64/bin/../lib/gcc/aarch64-elf/8.2.1\libc.a(lib_a-strnlen.o)
 .debug_aranges
                0x00000000000002b0       0x30 c:/apps/arch64/bin/../lib/gcc/aarch64-elf/8.2.1\libc.a(lib_a-wctob.o)
 .debug_aranges
                0x00000000000002e0       0x80 c:/apps/arch64/bin/../lib/gcc/aarch64-elf/8.2.1\libc.a(lib_a-wctomb_r.o)
 .debug_aranges
                0x0000000000000360       0x30 c:/apps/arch64/bin/../lib/gcc/aarch64-elf/8.2.1\libc.a(lib_a-ctype_.o)
 .debug_aranges
                0x0000000000000390       0x20 c:/apps/arch64/bin/../lib/gcc/aarch64-elf/8.2.1\libc.a(lib_a-impure.o)
 .debug_aranges
                0x00000000000003b0       0x30 c:/apps/arch64/bin/../lib/gcc/aarch64-elf/8.2.1\libc.a(lib_a-memset.o)

.debug_ranges   0x0000000000000000      0x400
 .debug_ranges  0x0000000000000000      0x1c0 c:/apps/arch64/bin/../lib/gcc/aarch64-elf/8.2.1\libc.a(lib_a-locale.o)
 .debug_ranges  0x00000000000001c0      0x100 c:/apps/arch64/bin/../lib/gcc/aarch64-elf/8.2.1\libc.a(lib_a-mbtowc_r.o)
 .debug_ranges  0x00000000000002c0       0x30 c:/apps/arch64/bin/../lib/gcc/aarch64-elf/8.2.1\libc.a(lib_a-reent.o)
 .debug_ranges  0x00000000000002f0       0x20 c:/apps/arch64/bin/../lib/gcc/aarch64-elf/8.2.1\libc.a(lib_a-strcat.o)
 .debug_ranges  0x0000000000000310       0x60 c:/apps/arch64/bin/../lib/gcc/aarch64-elf/8.2.1\libc.a(lib_a-wctob.o)
 .debug_ranges  0x0000000000000370       0x70 c:/apps/arch64/bin/../lib/gcc/aarch64-elf/8.2.1\libc.a(lib_a-wctomb_r.o)
 .debug_ranges  0x00000000000003e0       0x20 c:/apps/arch64/bin/../lib/gcc/aarch64-elf/8.2.1\libc.a(lib_a-ctype_.o)

.debug_line     0x0000000000000000     0x364c
 .debug_line    0x0000000000000000      0xc84 c:/apps/arch64/bin/../lib/gcc/aarch64-elf/8.2.1\libc.a(lib_a-locale.o)
 .debug_line    0x0000000000000c84      0xb67 c:/apps/arch64/bin/../lib/gcc/aarch64-elf/8.2.1\libc.a(lib_a-mbtowc_r.o)
 .debug_line    0x00000000000017eb      0x11f c:/apps/arch64/bin/../lib/gcc/aarch64-elf/8.2.1\libc.a(lib_a-memcpy.o)
 .debug_line    0x000000000000190a      0x37b c:/apps/arch64/bin/../lib/gcc/aarch64-elf/8.2.1\libc.a(lib_a-reent.o)
 .debug_line    0x0000000000001c85      0x2d1 c:/apps/arch64/bin/../lib/gcc/aarch64-elf/8.2.1\libc.a(lib_a-strcat.o)
 .debug_line    0x0000000000001f56       0xfc c:/apps/arch64/bin/../lib/gcc/aarch64-elf/8.2.1\libc.a(lib_a-strchr.o)
 .debug_line    0x0000000000002052       0xf0 c:/apps/arch64/bin/../lib/gcc/aarch64-elf/8.2.1\libc.a(lib_a-strcmp.o)
 .debug_line    0x0000000000002142      0x12e c:/apps/arch64/bin/../lib/gcc/aarch64-elf/8.2.1\libc.a(lib_a-strcpy.o)
 .debug_line    0x0000000000002270      0x119 c:/apps/arch64/bin/../lib/gcc/aarch64-elf/8.2.1\libc.a(lib_a-strlen.o)
 .debug_line    0x0000000000002389       0xfe c:/apps/arch64/bin/../lib/gcc/aarch64-elf/8.2.1\libc.a(lib_a-strnlen.o)
 .debug_line    0x0000000000002487      0x3ce c:/apps/arch64/bin/../lib/gcc/aarch64-elf/8.2.1\libc.a(lib_a-wctob.o)
 .debug_line    0x0000000000002855      0x781 c:/apps/arch64/bin/../lib/gcc/aarch64-elf/8.2.1\libc.a(lib_a-wctomb_r.o)
 .debug_line    0x0000000000002fd6      0x35a c:/apps/arch64/bin/../lib/gcc/aarch64-elf/8.2.1\libc.a(lib_a-ctype_.o)
 .debug_line    0x0000000000003330      0x1e3 c:/apps/arch64/bin/../lib/gcc/aarch64-elf/8.2.1\libc.a(lib_a-impure.o)
 .debug_line    0x0000000000003513      0x139 c:/apps/arch64/bin/../lib/gcc/aarch64-elf/8.2.1\libc.a(lib_a-memset.o)

.debug_str      0x0000000000000000     0x16f3
 .debug_str     0x0000000000000000      0xa08 c:/apps/arch64/bin/../lib/gcc/aarch64-elf/8.2.1\libc.a(lib_a-locale.o)
                                        0xb50 (size before relaxing)
 .debug_str     0x0000000000000a08      0x270 c:/apps/arch64/bin/../lib/gcc/aarch64-elf/8.2.1\libc.a(lib_a-mbtowc_r.o)
                                        0xada (size before relaxing)
 .debug_str     0x0000000000000c78      0x147 c:/apps/arch64/bin/../lib/gcc/aarch64-elf/8.2.1\libc.a(lib_a-memcpy.o)
 .debug_str     0x0000000000000dbf      0x158 c:/apps/arch64/bin/../lib/gcc/aarch64-elf/8.2.1\libc.a(lib_a-reent.o)
                                        0x64b (size before relaxing)
 .debug_str     0x0000000000000f17      0x132 c:/apps/arch64/bin/../lib/gcc/aarch64-elf/8.2.1\libc.a(lib_a-strcat.o)
                                        0x61e (size before relaxing)
 .debug_str     0x0000000000001049       0x92 c:/apps/arch64/bin/../lib/gcc/aarch64-elf/8.2.1\libc.a(lib_a-strchr.o)
                                        0x147 (size before relaxing)
 .debug_str     0x00000000000010db       0x92 c:/apps/arch64/bin/../lib/gcc/aarch64-elf/8.2.1\libc.a(lib_a-strcmp.o)
                                        0x147 (size before relaxing)
 .debug_str     0x000000000000116d       0x92 c:/apps/arch64/bin/../lib/gcc/aarch64-elf/8.2.1\libc.a(lib_a-strcpy.o)
                                        0x147 (size before relaxing)
 .debug_str     0x00000000000011ff       0x92 c:/apps/arch64/bin/../lib/gcc/aarch64-elf/8.2.1\libc.a(lib_a-strlen.o)
                                        0x147 (size before relaxing)
 .debug_str     0x0000000000001291       0x93 c:/apps/arch64/bin/../lib/gcc/aarch64-elf/8.2.1\libc.a(lib_a-strnlen.o)
                                        0x148 (size before relaxing)
 .debug_str     0x0000000000001324       0x95 c:/apps/arch64/bin/../lib/gcc/aarch64-elf/8.2.1\libc.a(lib_a-wctob.o)
                                        0x986 (size before relaxing)
 .debug_str     0x00000000000013b9       0xef c:/apps/arch64/bin/../lib/gcc/aarch64-elf/8.2.1\libc.a(lib_a-wctomb_r.o)
                                        0x9fd (size before relaxing)
 .debug_str     0x00000000000014a8      0x125 c:/apps/arch64/bin/../lib/gcc/aarch64-elf/8.2.1\libc.a(lib_a-ctype_.o)
                                        0x93b (size before relaxing)
 .debug_str     0x00000000000015cd       0x94 c:/apps/arch64/bin/../lib/gcc/aarch64-elf/8.2.1\libc.a(lib_a-impure.o)
                                        0x60f (size before relaxing)
 .debug_str     0x0000000000001661       0x92 c:/apps/arch64/bin/../lib/gcc/aarch64-elf/8.2.1\libc.a(lib_a-memset.o)
                                        0x147 (size before relaxing)
