Archive member included to satisfy reference by file (symbol)

c:/apps/arch64/bin/../lib/gcc/aarch64-elf/8.2.1\libc.a(lib_a-locale.o)
                              C:\Users\Tony\AppData\Local\Temp\cc293sUA.o (__locale_ctype_ptr)
c:/apps/arch64/bin/../lib/gcc/aarch64-elf/8.2.1\libc.a(lib_a-mbtowc_r.o)
                              c:/apps/arch64/bin/../lib/gcc/aarch64-elf/8.2.1\libc.a(lib_a-locale.o) (__ascii_mbtowc)
c:/apps/arch64/bin/../lib/gcc/aarch64-elf/8.2.1\libc.a(lib_a-memcpy.o)
                              C:\Users\Tony\AppData\Local\Temp\ccq3MjpD.o (memcpy)
c:/apps/arch64/bin/../lib/gcc/aarch64-elf/8.2.1\libc.a(lib_a-reent.o)
                              C:\Users\Tony\AppData\Local\Temp\ccVj0JVs.o (errno)
c:/apps/arch64/bin/../lib/gcc/aarch64-elf/8.2.1\libc.a(lib_a-strcasecmp.o)
                              c:/apps/arch64/bin/../lib/gcc/aarch64-elf/8.2.1\libc.a(lib_a-locale.o) (strcasecmp)
c:/apps/arch64/bin/../lib/gcc/aarch64-elf/8.2.1\libc.a(lib_a-strcat.o)
                              c:/apps/arch64/bin/../lib/gcc/aarch64-elf/8.2.1\libc.a(lib_a-locale.o) (strcat)
c:/apps/arch64/bin/../lib/gcc/aarch64-elf/8.2.1\libc.a(lib_a-strchr.o)
                              C:\Users\Tony\AppData\Local\Temp\ccak63rT.o (strchr)
c:/apps/arch64/bin/../lib/gcc/aarch64-elf/8.2.1\libc.a(lib_a-strcmp.o)
                              c:/apps/arch64/bin/../lib/gcc/aarch64-elf/8.2.1\libc.a(lib_a-locale.o) (strcmp)
c:/apps/arch64/bin/../lib/gcc/aarch64-elf/8.2.1\libc.a(lib_a-strcpy.o)
                              c:/apps/arch64/bin/../lib/gcc/aarch64-elf/8.2.1\libc.a(lib_a-locale.o) (strcpy)
c:/apps/arch64/bin/../lib/gcc/aarch64-elf/8.2.1\libc.a(lib_a-strlcpy.o)
                              c:/apps/arch64/bin/../lib/gcc/aarch64-elf/8.2.1\libc.a(lib_a-locale.o) (strlcpy)
c:/apps/arch64/bin/../lib/gcc/aarch64-elf/8.2.1\libc.a(lib_a-strlen.o)
                              C:\Users\Tony\AppData\Local\Temp\ccVj0JVs.o (strlen)
c:/apps/arch64/bin/../lib/gcc/aarch64-elf/8.2.1\libc.a(lib_a-strncasecmp.o)
                              c:/apps/arch64/bin/../lib/gcc/aarch64-elf/8.2.1\libc.a(lib_a-locale.o) (strncasecmp)
c:/apps/arch64/bin/../lib/gcc/aarch64-elf/8.2.1\libc.a(lib_a-strncmp.o)
                              c:/apps/arch64/bin/../lib/gcc/aarch64-elf/8.2.1\libc.a(lib_a-locale.o) (strncmp)
c:/apps/arch64/bin/../lib/gcc/aarch64-elf/8.2.1\libc.a(lib_a-strncpy.o)
                              C:\Users\Tony\AppData\Local\Temp\ccmZhfMg.o (strncpy)
c:/apps/arch64/bin/../lib/gcc/aarch64-elf/8.2.1\libc.a(lib_a-strnlen.o)
                              C:\Users\Tony\AppData\Local\Temp\cc293sUA.o (strnlen)
c:/apps/arch64/bin/../lib/gcc/aarch64-elf/8.2.1\libc.a(lib_a-strtol.o)
                              c:/apps/arch64/bin/../lib/gcc/aarch64-elf/8.2.1\libc.a(lib_a-locale.o) (strtol)
c:/apps/arch64/bin/../lib/gcc/aarch64-elf/8.2.1\libc.a(lib_a-wctob.o)
                              C:\Users\Tony\AppData\Local\Temp\ccak63rT.o (wctob)
c:/apps/arch64/bin/../lib/gcc/aarch64-elf/8.2.1\libc.a(lib_a-wctomb_r.o)
                              c:/apps/arch64/bin/../lib/gcc/aarch64-elf/8.2.1\libc.a(lib_a-locale.o) (__ascii_wctomb)
c:/apps/arch64/bin/../lib/gcc/aarch64-elf/8.2.1\libc.a(lib_a-ctype_.o)
                              c:/apps/arch64/bin/../lib/gcc/aarch64-elf/8.2.1\libc.a(lib_a-locale.o) (__set_ctype)
c:/apps/arch64/bin/../lib/gcc/aarch64-elf/8.2.1\libc.a(lib_a-freer.o)
                              c:/apps/arch64/bin/../lib/gcc/aarch64-elf/8.2.1\libc.a(lib_a-reent.o) (_free_r)
c:/apps/arch64/bin/../lib/gcc/aarch64-elf/8.2.1\libc.a(lib_a-getenv_r.o)
                              c:/apps/arch64/bin/../lib/gcc/aarch64-elf/8.2.1\libc.a(lib_a-locale.o) (_getenv_r)
c:/apps/arch64/bin/../lib/gcc/aarch64-elf/8.2.1\libc.a(lib_a-impure.o)
                              c:/apps/arch64/bin/../lib/gcc/aarch64-elf/8.2.1\libc.a(lib_a-locale.o) (_impure_ptr)
c:/apps/arch64/bin/../lib/gcc/aarch64-elf/8.2.1\libc.a(lib_a-mallocr.o)
                              c:/apps/arch64/bin/../lib/gcc/aarch64-elf/8.2.1\libc.a(lib_a-freer.o) (__malloc_current_mallinfo)
c:/apps/arch64/bin/../lib/gcc/aarch64-elf/8.2.1\libc.a(lib_a-memset.o)
                              c:/apps/arch64/bin/../lib/gcc/aarch64-elf/8.2.1\libc.a(lib_a-wctob.o) (memset)
c:/apps/arch64/bin/../lib/gcc/aarch64-elf/8.2.1\libc.a(lib_a-mlock.o)
                              c:/apps/arch64/bin/../lib/gcc/aarch64-elf/8.2.1\libc.a(lib_a-freer.o) (__malloc_lock)
c:/apps/arch64/bin/../lib/gcc/aarch64-elf/8.2.1\libc.a(lib_a-sbrkr.o)
                              c:/apps/arch64/bin/../lib/gcc/aarch64-elf/8.2.1\libc.a(lib_a-freer.o) (_sbrk_r)
c:/apps/arch64/bin/../lib/gcc/aarch64-elf/8.2.1\libc.a(lib_a-environ.o)
                              c:/apps/arch64/bin/../lib/gcc/aarch64-elf/8.2.1\libc.a(lib_a-getenv_r.o) (environ)
c:/apps/arch64/bin/../lib/gcc/aarch64-elf/8.2.1\libc.a(lib_a-envlock.o)
                              c:/apps/arch64/bin/../lib/gcc/aarch64-elf/8.2.1\libc.a(lib_a-getenv_r.o) (__env_lock)

Allocating common symbols
Common symbol       size              file

errno               0x4               c:/apps/arch64/bin/../lib/gcc/aarch64-elf/8.2.1\libc.a(lib_a-reent.o)
bpos                0x1               C:\Users\Tony\AppData\Local\Temp\ccmZhfMg.o
buffer              0x1f4             C:\Users\Tony\AppData\Local\Temp\ccq3MjpD.o

Discarded input sections

 .data          0x0000000000000000        0x0 C:\Users\Tony\AppData\Local\Temp\ccq3MjpD.o
 .bss           0x0000000000000000        0x0 C:\Users\Tony\AppData\Local\Temp\ccq3MjpD.o
 .comment       0x0000000000000000       0x5f C:\Users\Tony\AppData\Local\Temp\ccq3MjpD.o
 .text          0x0000000000000000        0x0 C:\Users\Tony\AppData\Local\Temp\ccjVksGz.o
 .data          0x0000000000000000        0x0 C:\Users\Tony\AppData\Local\Temp\ccjVksGz.o
 .bss           0x0000000000000000        0x0 C:\Users\Tony\AppData\Local\Temp\ccjVksGz.o
 .comment       0x0000000000000000       0x5f C:\Users\Tony\AppData\Local\Temp\ccVj0JVs.o
 .data          0x0000000000000000        0x0 C:\Users\Tony\AppData\Local\Temp\cc293sUA.o
 .bss           0x0000000000000000        0x0 C:\Users\Tony\AppData\Local\Temp\cc293sUA.o
 .comment       0x0000000000000000       0x5f C:\Users\Tony\AppData\Local\Temp\cc293sUA.o
 .comment       0x0000000000000000       0x5f C:\Users\Tony\AppData\Local\Temp\ccak63rT.o
 .data          0x0000000000000000        0x0 C:\Users\Tony\AppData\Local\Temp\ccwfJvyM.o
 .comment       0x0000000000000000       0x5f C:\Users\Tony\AppData\Local\Temp\ccwfJvyM.o
 .bss           0x0000000000000000        0x0 C:\Users\Tony\AppData\Local\Temp\ccBVqZRU.o
 .comment       0x0000000000000000       0x5f C:\Users\Tony\AppData\Local\Temp\ccBVqZRU.o
 .data          0x0000000000000000        0x0 C:\Users\Tony\AppData\Local\Temp\ccmZhfMg.o
 .bss           0x0000000000000000        0x0 C:\Users\Tony\AppData\Local\Temp\ccmZhfMg.o
 .comment       0x0000000000000000       0x5f C:\Users\Tony\AppData\Local\Temp\ccmZhfMg.o
 .text          0x0000000000000000        0x0 c:/apps/arch64/bin/../lib/gcc/aarch64-elf/8.2.1\libc.a(lib_a-locale.o)
 .data          0x0000000000000000        0x0 c:/apps/arch64/bin/../lib/gcc/aarch64-elf/8.2.1\libc.a(lib_a-locale.o)
 .bss           0x0000000000000000        0x0 c:/apps/arch64/bin/../lib/gcc/aarch64-elf/8.2.1\libc.a(lib_a-locale.o)
 .text.currentlocale
                0x0000000000000000       0xb8 c:/apps/arch64/bin/../lib/gcc/aarch64-elf/8.2.1\libc.a(lib_a-locale.o)
 .text.__loadlocale
                0x0000000000000000      0x79c c:/apps/arch64/bin/../lib/gcc/aarch64-elf/8.2.1\libc.a(lib_a-locale.o)
 .rodata.__loadlocale
                0x0000000000000000       0x6a c:/apps/arch64/bin/../lib/gcc/aarch64-elf/8.2.1\libc.a(lib_a-locale.o)
 .text.__get_locale_env
                0x0000000000000000       0x88 c:/apps/arch64/bin/../lib/gcc/aarch64-elf/8.2.1\libc.a(lib_a-locale.o)
 .text._setlocale_r
                0x0000000000000000      0x39c c:/apps/arch64/bin/../lib/gcc/aarch64-elf/8.2.1\libc.a(lib_a-locale.o)
 .text.__locale_mb_cur_max
                0x0000000000000000       0x24 c:/apps/arch64/bin/../lib/gcc/aarch64-elf/8.2.1\libc.a(lib_a-locale.o)
 .text.__locale_ctype_ptr_l
                0x0000000000000000        0x8 c:/apps/arch64/bin/../lib/gcc/aarch64-elf/8.2.1\libc.a(lib_a-locale.o)
 .text.setlocale
                0x0000000000000000       0x14 c:/apps/arch64/bin/../lib/gcc/aarch64-elf/8.2.1\libc.a(lib_a-locale.o)
 .bss._PathLocale
                0x0000000000000000        0x8 c:/apps/arch64/bin/../lib/gcc/aarch64-elf/8.2.1\libc.a(lib_a-locale.o)
 .bss.global_locale_string
                0x0000000000000000       0xe7 c:/apps/arch64/bin/../lib/gcc/aarch64-elf/8.2.1\libc.a(lib_a-locale.o)
 .bss.new_categories.4508
                0x0000000000000000       0xe0 c:/apps/arch64/bin/../lib/gcc/aarch64-elf/8.2.1\libc.a(lib_a-locale.o)
 .bss.saved_categories.4509
                0x0000000000000000       0xe0 c:/apps/arch64/bin/../lib/gcc/aarch64-elf/8.2.1\libc.a(lib_a-locale.o)
 .data.__default_locale
                0x0000000000000000       0x20 c:/apps/arch64/bin/../lib/gcc/aarch64-elf/8.2.1\libc.a(lib_a-locale.o)
 .rodata.__C_locale
                0x0000000000000000      0x1a8 c:/apps/arch64/bin/../lib/gcc/aarch64-elf/8.2.1\libc.a(lib_a-locale.o)
 .rodata.__get_locale_env.str1.8
                0x0000000000000000        0xd c:/apps/arch64/bin/../lib/gcc/aarch64-elf/8.2.1\libc.a(lib_a-locale.o)
 .rodata.__loadlocale.str1.8
                0x0000000000000000      0x10b c:/apps/arch64/bin/../lib/gcc/aarch64-elf/8.2.1\libc.a(lib_a-locale.o)
 .rodata.categories
                0x0000000000000000       0x38 c:/apps/arch64/bin/../lib/gcc/aarch64-elf/8.2.1\libc.a(lib_a-locale.o)
 .rodata.currentlocale.str1.8
                0x0000000000000000        0x2 c:/apps/arch64/bin/../lib/gcc/aarch64-elf/8.2.1\libc.a(lib_a-locale.o)
 .comment       0x0000000000000000       0x5f c:/apps/arch64/bin/../lib/gcc/aarch64-elf/8.2.1\libc.a(lib_a-locale.o)
 .debug_frame   0x0000000000000000      0x250 c:/apps/arch64/bin/../lib/gcc/aarch64-elf/8.2.1\libc.a(lib_a-locale.o)
 .text          0x0000000000000000        0x0 c:/apps/arch64/bin/../lib/gcc/aarch64-elf/8.2.1\libc.a(lib_a-mbtowc_r.o)
 .data          0x0000000000000000        0x0 c:/apps/arch64/bin/../lib/gcc/aarch64-elf/8.2.1\libc.a(lib_a-mbtowc_r.o)
 .bss           0x0000000000000000        0x0 c:/apps/arch64/bin/../lib/gcc/aarch64-elf/8.2.1\libc.a(lib_a-mbtowc_r.o)
 .text._mbtowc_r
                0x0000000000000000       0x24 c:/apps/arch64/bin/../lib/gcc/aarch64-elf/8.2.1\libc.a(lib_a-mbtowc_r.o)
 .text.__utf8_mbtowc
                0x0000000000000000      0x2c8 c:/apps/arch64/bin/../lib/gcc/aarch64-elf/8.2.1\libc.a(lib_a-mbtowc_r.o)
 .text.__sjis_mbtowc
                0x0000000000000000       0xcc c:/apps/arch64/bin/../lib/gcc/aarch64-elf/8.2.1\libc.a(lib_a-mbtowc_r.o)
 .text.__eucjp_mbtowc
                0x0000000000000000      0x120 c:/apps/arch64/bin/../lib/gcc/aarch64-elf/8.2.1\libc.a(lib_a-mbtowc_r.o)
 .text.__jis_mbtowc
                0x0000000000000000      0x1d4 c:/apps/arch64/bin/../lib/gcc/aarch64-elf/8.2.1\libc.a(lib_a-mbtowc_r.o)
 .rodata.JIS_action_table
                0x0000000000000000       0x48 c:/apps/arch64/bin/../lib/gcc/aarch64-elf/8.2.1\libc.a(lib_a-mbtowc_r.o)
 .rodata.JIS_state_table
                0x0000000000000000       0x48 c:/apps/arch64/bin/../lib/gcc/aarch64-elf/8.2.1\libc.a(lib_a-mbtowc_r.o)
 .comment       0x0000000000000000       0x5f c:/apps/arch64/bin/../lib/gcc/aarch64-elf/8.2.1\libc.a(lib_a-mbtowc_r.o)
 .debug_frame   0x0000000000000000      0x130 c:/apps/arch64/bin/../lib/gcc/aarch64-elf/8.2.1\libc.a(lib_a-mbtowc_r.o)
 .data          0x0000000000000000        0x0 c:/apps/arch64/bin/../lib/gcc/aarch64-elf/8.2.1\libc.a(lib_a-memcpy.o)
 .bss           0x0000000000000000        0x0 c:/apps/arch64/bin/../lib/gcc/aarch64-elf/8.2.1\libc.a(lib_a-memcpy.o)
 .text          0x0000000000000000        0x0 c:/apps/arch64/bin/../lib/gcc/aarch64-elf/8.2.1\libc.a(lib_a-reent.o)
 .data          0x0000000000000000        0x0 c:/apps/arch64/bin/../lib/gcc/aarch64-elf/8.2.1\libc.a(lib_a-reent.o)
 .bss           0x0000000000000000        0x0 c:/apps/arch64/bin/../lib/gcc/aarch64-elf/8.2.1\libc.a(lib_a-reent.o)
 .text.cleanup_glue
                0x0000000000000000       0x34 c:/apps/arch64/bin/../lib/gcc/aarch64-elf/8.2.1\libc.a(lib_a-reent.o)
 .text._reclaim_reent
                0x0000000000000000       0xf8 c:/apps/arch64/bin/../lib/gcc/aarch64-elf/8.2.1\libc.a(lib_a-reent.o)
 .comment       0x0000000000000000       0x5f c:/apps/arch64/bin/../lib/gcc/aarch64-elf/8.2.1\libc.a(lib_a-reent.o)
 .debug_frame   0x0000000000000000       0x80 c:/apps/arch64/bin/../lib/gcc/aarch64-elf/8.2.1\libc.a(lib_a-reent.o)
 .text          0x0000000000000000        0x0 c:/apps/arch64/bin/../lib/gcc/aarch64-elf/8.2.1\libc.a(lib_a-strcasecmp.o)
 .data          0x0000000000000000        0x0 c:/apps/arch64/bin/../lib/gcc/aarch64-elf/8.2.1\libc.a(lib_a-strcasecmp.o)
 .bss           0x0000000000000000        0x0 c:/apps/arch64/bin/../lib/gcc/aarch64-elf/8.2.1\libc.a(lib_a-strcasecmp.o)
 .text.strcasecmp
                0x0000000000000000       0xa0 c:/apps/arch64/bin/../lib/gcc/aarch64-elf/8.2.1\libc.a(lib_a-strcasecmp.o)
 .debug_info    0x0000000000000000      0x180 c:/apps/arch64/bin/../lib/gcc/aarch64-elf/8.2.1\libc.a(lib_a-strcasecmp.o)
 .debug_abbrev  0x0000000000000000       0xde c:/apps/arch64/bin/../lib/gcc/aarch64-elf/8.2.1\libc.a(lib_a-strcasecmp.o)
 .debug_loc     0x0000000000000000      0x24f c:/apps/arch64/bin/../lib/gcc/aarch64-elf/8.2.1\libc.a(lib_a-strcasecmp.o)
 .debug_aranges
                0x0000000000000000       0x30 c:/apps/arch64/bin/../lib/gcc/aarch64-elf/8.2.1\libc.a(lib_a-strcasecmp.o)
 .debug_ranges  0x0000000000000000       0xd0 c:/apps/arch64/bin/../lib/gcc/aarch64-elf/8.2.1\libc.a(lib_a-strcasecmp.o)
 .debug_line    0x0000000000000000      0x1c7 c:/apps/arch64/bin/../lib/gcc/aarch64-elf/8.2.1\libc.a(lib_a-strcasecmp.o)
 .debug_str     0x0000000000000000      0x239 c:/apps/arch64/bin/../lib/gcc/aarch64-elf/8.2.1\libc.a(lib_a-strcasecmp.o)
 .comment       0x0000000000000000       0x5f c:/apps/arch64/bin/../lib/gcc/aarch64-elf/8.2.1\libc.a(lib_a-strcasecmp.o)
 .debug_frame   0x0000000000000000       0x58 c:/apps/arch64/bin/../lib/gcc/aarch64-elf/8.2.1\libc.a(lib_a-strcasecmp.o)
 .text          0x0000000000000000        0x0 c:/apps/arch64/bin/../lib/gcc/aarch64-elf/8.2.1\libc.a(lib_a-strcat.o)
 .data          0x0000000000000000        0x0 c:/apps/arch64/bin/../lib/gcc/aarch64-elf/8.2.1\libc.a(lib_a-strcat.o)
 .bss           0x0000000000000000        0x0 c:/apps/arch64/bin/../lib/gcc/aarch64-elf/8.2.1\libc.a(lib_a-strcat.o)
 .text.strcat   0x0000000000000000       0x74 c:/apps/arch64/bin/../lib/gcc/aarch64-elf/8.2.1\libc.a(lib_a-strcat.o)
 .debug_info    0x0000000000000000      0x9c0 c:/apps/arch64/bin/../lib/gcc/aarch64-elf/8.2.1\libc.a(lib_a-strcat.o)
 .debug_abbrev  0x0000000000000000      0x23b c:/apps/arch64/bin/../lib/gcc/aarch64-elf/8.2.1\libc.a(lib_a-strcat.o)
 .debug_loc     0x0000000000000000      0x12e c:/apps/arch64/bin/../lib/gcc/aarch64-elf/8.2.1\libc.a(lib_a-strcat.o)
 .debug_aranges
                0x0000000000000000       0x30 c:/apps/arch64/bin/../lib/gcc/aarch64-elf/8.2.1\libc.a(lib_a-strcat.o)
 .debug_ranges  0x0000000000000000       0x20 c:/apps/arch64/bin/../lib/gcc/aarch64-elf/8.2.1\libc.a(lib_a-strcat.o)
 .debug_line    0x0000000000000000      0x2d1 c:/apps/arch64/bin/../lib/gcc/aarch64-elf/8.2.1\libc.a(lib_a-strcat.o)
 .debug_str     0x0000000000000000      0x61e c:/apps/arch64/bin/../lib/gcc/aarch64-elf/8.2.1\libc.a(lib_a-strcat.o)
 .comment       0x0000000000000000       0x5f c:/apps/arch64/bin/../lib/gcc/aarch64-elf/8.2.1\libc.a(lib_a-strcat.o)
 .debug_frame   0x0000000000000000       0x38 c:/apps/arch64/bin/../lib/gcc/aarch64-elf/8.2.1\libc.a(lib_a-strcat.o)
 .data          0x0000000000000000        0x0 c:/apps/arch64/bin/../lib/gcc/aarch64-elf/8.2.1\libc.a(lib_a-strchr.o)
 .bss           0x0000000000000000        0x0 c:/apps/arch64/bin/../lib/gcc/aarch64-elf/8.2.1\libc.a(lib_a-strchr.o)
 .text          0x0000000000000000       0xa4 c:/apps/arch64/bin/../lib/gcc/aarch64-elf/8.2.1\libc.a(lib_a-strcmp.o)
 .data          0x0000000000000000        0x0 c:/apps/arch64/bin/../lib/gcc/aarch64-elf/8.2.1\libc.a(lib_a-strcmp.o)
 .bss           0x0000000000000000        0x0 c:/apps/arch64/bin/../lib/gcc/aarch64-elf/8.2.1\libc.a(lib_a-strcmp.o)
 .debug_line    0x0000000000000000       0xf0 c:/apps/arch64/bin/../lib/gcc/aarch64-elf/8.2.1\libc.a(lib_a-strcmp.o)
 .debug_info    0x0000000000000000       0x2e c:/apps/arch64/bin/../lib/gcc/aarch64-elf/8.2.1\libc.a(lib_a-strcmp.o)
 .debug_abbrev  0x0000000000000000       0x14 c:/apps/arch64/bin/../lib/gcc/aarch64-elf/8.2.1\libc.a(lib_a-strcmp.o)
 .debug_aranges
                0x0000000000000000       0x30 c:/apps/arch64/bin/../lib/gcc/aarch64-elf/8.2.1\libc.a(lib_a-strcmp.o)
 .debug_str     0x0000000000000000      0x147 c:/apps/arch64/bin/../lib/gcc/aarch64-elf/8.2.1\libc.a(lib_a-strcmp.o)
 .text          0x0000000000000000      0x1b8 c:/apps/arch64/bin/../lib/gcc/aarch64-elf/8.2.1\libc.a(lib_a-strcpy.o)
 .data          0x0000000000000000        0x0 c:/apps/arch64/bin/../lib/gcc/aarch64-elf/8.2.1\libc.a(lib_a-strcpy.o)
 .bss           0x0000000000000000        0x0 c:/apps/arch64/bin/../lib/gcc/aarch64-elf/8.2.1\libc.a(lib_a-strcpy.o)
 .debug_line    0x0000000000000000      0x12e c:/apps/arch64/bin/../lib/gcc/aarch64-elf/8.2.1\libc.a(lib_a-strcpy.o)
 .debug_info    0x0000000000000000       0x2e c:/apps/arch64/bin/../lib/gcc/aarch64-elf/8.2.1\libc.a(lib_a-strcpy.o)
 .debug_abbrev  0x0000000000000000       0x14 c:/apps/arch64/bin/../lib/gcc/aarch64-elf/8.2.1\libc.a(lib_a-strcpy.o)
 .debug_aranges
                0x0000000000000000       0x30 c:/apps/arch64/bin/../lib/gcc/aarch64-elf/8.2.1\libc.a(lib_a-strcpy.o)
 .debug_str     0x0000000000000000      0x147 c:/apps/arch64/bin/../lib/gcc/aarch64-elf/8.2.1\libc.a(lib_a-strcpy.o)
 .text          0x0000000000000000        0x0 c:/apps/arch64/bin/../lib/gcc/aarch64-elf/8.2.1\libc.a(lib_a-strlcpy.o)
 .data          0x0000000000000000        0x0 c:/apps/arch64/bin/../lib/gcc/aarch64-elf/8.2.1\libc.a(lib_a-strlcpy.o)
 .bss           0x0000000000000000        0x0 c:/apps/arch64/bin/../lib/gcc/aarch64-elf/8.2.1\libc.a(lib_a-strlcpy.o)
 .text.strlcpy  0x0000000000000000       0x54 c:/apps/arch64/bin/../lib/gcc/aarch64-elf/8.2.1\libc.a(lib_a-strlcpy.o)
 .debug_info    0x0000000000000000      0x9a9 c:/apps/arch64/bin/../lib/gcc/aarch64-elf/8.2.1\libc.a(lib_a-strlcpy.o)
 .debug_abbrev  0x0000000000000000      0x206 c:/apps/arch64/bin/../lib/gcc/aarch64-elf/8.2.1\libc.a(lib_a-strlcpy.o)
 .debug_loc     0x0000000000000000      0x242 c:/apps/arch64/bin/../lib/gcc/aarch64-elf/8.2.1\libc.a(lib_a-strlcpy.o)
 .debug_aranges
                0x0000000000000000       0x30 c:/apps/arch64/bin/../lib/gcc/aarch64-elf/8.2.1\libc.a(lib_a-strlcpy.o)
 .debug_ranges  0x0000000000000000       0x20 c:/apps/arch64/bin/../lib/gcc/aarch64-elf/8.2.1\libc.a(lib_a-strlcpy.o)
 .debug_line    0x0000000000000000      0x2ed c:/apps/arch64/bin/../lib/gcc/aarch64-elf/8.2.1\libc.a(lib_a-strlcpy.o)
 .debug_str     0x0000000000000000      0x615 c:/apps/arch64/bin/../lib/gcc/aarch64-elf/8.2.1\libc.a(lib_a-strlcpy.o)
 .comment       0x0000000000000000       0x5f c:/apps/arch64/bin/../lib/gcc/aarch64-elf/8.2.1\libc.a(lib_a-strlcpy.o)
 .debug_frame   0x0000000000000000       0x28 c:/apps/arch64/bin/../lib/gcc/aarch64-elf/8.2.1\libc.a(lib_a-strlcpy.o)
 .data          0x0000000000000000        0x0 c:/apps/arch64/bin/../lib/gcc/aarch64-elf/8.2.1\libc.a(lib_a-strlen.o)
 .bss           0x0000000000000000        0x0 c:/apps/arch64/bin/../lib/gcc/aarch64-elf/8.2.1\libc.a(lib_a-strlen.o)
 .text          0x0000000000000000        0x0 c:/apps/arch64/bin/../lib/gcc/aarch64-elf/8.2.1\libc.a(lib_a-strncasecmp.o)
 .data          0x0000000000000000        0x0 c:/apps/arch64/bin/../lib/gcc/aarch64-elf/8.2.1\libc.a(lib_a-strncasecmp.o)
 .bss           0x0000000000000000        0x0 c:/apps/arch64/bin/../lib/gcc/aarch64-elf/8.2.1\libc.a(lib_a-strncasecmp.o)
 .text.strncasecmp
                0x0000000000000000       0xcc c:/apps/arch64/bin/../lib/gcc/aarch64-elf/8.2.1\libc.a(lib_a-strncasecmp.o)
 .debug_info    0x0000000000000000      0x19e c:/apps/arch64/bin/../lib/gcc/aarch64-elf/8.2.1\libc.a(lib_a-strncasecmp.o)
 .debug_abbrev  0x0000000000000000       0xed c:/apps/arch64/bin/../lib/gcc/aarch64-elf/8.2.1\libc.a(lib_a-strncasecmp.o)
 .debug_loc     0x0000000000000000      0x30e c:/apps/arch64/bin/../lib/gcc/aarch64-elf/8.2.1\libc.a(lib_a-strncasecmp.o)
 .debug_aranges
                0x0000000000000000       0x30 c:/apps/arch64/bin/../lib/gcc/aarch64-elf/8.2.1\libc.a(lib_a-strncasecmp.o)
 .debug_ranges  0x0000000000000000       0xd0 c:/apps/arch64/bin/../lib/gcc/aarch64-elf/8.2.1\libc.a(lib_a-strncasecmp.o)
 .debug_line    0x0000000000000000      0x274 c:/apps/arch64/bin/../lib/gcc/aarch64-elf/8.2.1\libc.a(lib_a-strncasecmp.o)
 .debug_str     0x0000000000000000      0x242 c:/apps/arch64/bin/../lib/gcc/aarch64-elf/8.2.1\libc.a(lib_a-strncasecmp.o)
 .comment       0x0000000000000000       0x5f c:/apps/arch64/bin/../lib/gcc/aarch64-elf/8.2.1\libc.a(lib_a-strncasecmp.o)
 .debug_frame   0x0000000000000000       0x60 c:/apps/arch64/bin/../lib/gcc/aarch64-elf/8.2.1\libc.a(lib_a-strncasecmp.o)
 .text          0x0000000000000000      0x124 c:/apps/arch64/bin/../lib/gcc/aarch64-elf/8.2.1\libc.a(lib_a-strncmp.o)
 .data          0x0000000000000000        0x0 c:/apps/arch64/bin/../lib/gcc/aarch64-elf/8.2.1\libc.a(lib_a-strncmp.o)
 .bss           0x0000000000000000        0x0 c:/apps/arch64/bin/../lib/gcc/aarch64-elf/8.2.1\libc.a(lib_a-strncmp.o)
 .debug_line    0x0000000000000000      0x10a c:/apps/arch64/bin/../lib/gcc/aarch64-elf/8.2.1\libc.a(lib_a-strncmp.o)
 .debug_info    0x0000000000000000       0x2e c:/apps/arch64/bin/../lib/gcc/aarch64-elf/8.2.1\libc.a(lib_a-strncmp.o)
 .debug_abbrev  0x0000000000000000       0x14 c:/apps/arch64/bin/../lib/gcc/aarch64-elf/8.2.1\libc.a(lib_a-strncmp.o)
 .debug_aranges
                0x0000000000000000       0x30 c:/apps/arch64/bin/../lib/gcc/aarch64-elf/8.2.1\libc.a(lib_a-strncmp.o)
 .debug_str     0x0000000000000000      0x148 c:/apps/arch64/bin/../lib/gcc/aarch64-elf/8.2.1\libc.a(lib_a-strncmp.o)
 .text          0x0000000000000000        0x0 c:/apps/arch64/bin/../lib/gcc/aarch64-elf/8.2.1\libc.a(lib_a-strncpy.o)
 .data          0x0000000000000000        0x0 c:/apps/arch64/bin/../lib/gcc/aarch64-elf/8.2.1\libc.a(lib_a-strncpy.o)
 .bss           0x0000000000000000        0x0 c:/apps/arch64/bin/../lib/gcc/aarch64-elf/8.2.1\libc.a(lib_a-strncpy.o)
 .comment       0x0000000000000000       0x5f c:/apps/arch64/bin/../lib/gcc/aarch64-elf/8.2.1\libc.a(lib_a-strncpy.o)
 .debug_frame   0x0000000000000000       0x28 c:/apps/arch64/bin/../lib/gcc/aarch64-elf/8.2.1\libc.a(lib_a-strncpy.o)
 .data          0x0000000000000000        0x0 c:/apps/arch64/bin/../lib/gcc/aarch64-elf/8.2.1\libc.a(lib_a-strnlen.o)
 .bss           0x0000000000000000        0x0 c:/apps/arch64/bin/../lib/gcc/aarch64-elf/8.2.1\libc.a(lib_a-strnlen.o)
 .text          0x0000000000000000        0x0 c:/apps/arch64/bin/../lib/gcc/aarch64-elf/8.2.1\libc.a(lib_a-strtol.o)
 .data          0x0000000000000000        0x0 c:/apps/arch64/bin/../lib/gcc/aarch64-elf/8.2.1\libc.a(lib_a-strtol.o)
 .bss           0x0000000000000000        0x0 c:/apps/arch64/bin/../lib/gcc/aarch64-elf/8.2.1\libc.a(lib_a-strtol.o)
 .text._strtol_l.isra.0
                0x0000000000000000      0x1d0 c:/apps/arch64/bin/../lib/gcc/aarch64-elf/8.2.1\libc.a(lib_a-strtol.o)
 .text._strtol_r
                0x0000000000000000       0x20 c:/apps/arch64/bin/../lib/gcc/aarch64-elf/8.2.1\libc.a(lib_a-strtol.o)
 .text.strtol_l
                0x0000000000000000       0x1c c:/apps/arch64/bin/../lib/gcc/aarch64-elf/8.2.1\libc.a(lib_a-strtol.o)
 .text.strtol   0x0000000000000000       0x30 c:/apps/arch64/bin/../lib/gcc/aarch64-elf/8.2.1\libc.a(lib_a-strtol.o)
 .debug_info    0x0000000000000000     0x1289 c:/apps/arch64/bin/../lib/gcc/aarch64-elf/8.2.1\libc.a(lib_a-strtol.o)
 .debug_abbrev  0x0000000000000000      0x334 c:/apps/arch64/bin/../lib/gcc/aarch64-elf/8.2.1\libc.a(lib_a-strtol.o)
 .debug_loc     0x0000000000000000      0xa63 c:/apps/arch64/bin/../lib/gcc/aarch64-elf/8.2.1\libc.a(lib_a-strtol.o)
 .debug_aranges
                0x0000000000000000       0x60 c:/apps/arch64/bin/../lib/gcc/aarch64-elf/8.2.1\libc.a(lib_a-strtol.o)
 .debug_ranges  0x0000000000000000       0x80 c:/apps/arch64/bin/../lib/gcc/aarch64-elf/8.2.1\libc.a(lib_a-strtol.o)
 .debug_line    0x0000000000000000      0x57b c:/apps/arch64/bin/../lib/gcc/aarch64-elf/8.2.1\libc.a(lib_a-strtol.o)
 .debug_str     0x0000000000000000      0x9df c:/apps/arch64/bin/../lib/gcc/aarch64-elf/8.2.1\libc.a(lib_a-strtol.o)
 .comment       0x0000000000000000       0x5f c:/apps/arch64/bin/../lib/gcc/aarch64-elf/8.2.1\libc.a(lib_a-strtol.o)
 .debug_frame   0x0000000000000000       0xa0 c:/apps/arch64/bin/../lib/gcc/aarch64-elf/8.2.1\libc.a(lib_a-strtol.o)
 .text          0x0000000000000000        0x0 c:/apps/arch64/bin/../lib/gcc/aarch64-elf/8.2.1\libc.a(lib_a-wctob.o)
 .data          0x0000000000000000        0x0 c:/apps/arch64/bin/../lib/gcc/aarch64-elf/8.2.1\libc.a(lib_a-wctob.o)
 .bss           0x0000000000000000        0x0 c:/apps/arch64/bin/../lib/gcc/aarch64-elf/8.2.1\libc.a(lib_a-wctob.o)
 .comment       0x0000000000000000       0x5f c:/apps/arch64/bin/../lib/gcc/aarch64-elf/8.2.1\libc.a(lib_a-wctob.o)
 .debug_frame   0x0000000000000000       0x48 c:/apps/arch64/bin/../lib/gcc/aarch64-elf/8.2.1\libc.a(lib_a-wctob.o)
 .text          0x0000000000000000        0x0 c:/apps/arch64/bin/../lib/gcc/aarch64-elf/8.2.1\libc.a(lib_a-wctomb_r.o)
 .data          0x0000000000000000        0x0 c:/apps/arch64/bin/../lib/gcc/aarch64-elf/8.2.1\libc.a(lib_a-wctomb_r.o)
 .bss           0x0000000000000000        0x0 c:/apps/arch64/bin/../lib/gcc/aarch64-elf/8.2.1\libc.a(lib_a-wctomb_r.o)
 .text._wctomb_r
                0x0000000000000000       0x24 c:/apps/arch64/bin/../lib/gcc/aarch64-elf/8.2.1\libc.a(lib_a-wctomb_r.o)
 .text.__utf8_wctomb
                0x0000000000000000       0xe4 c:/apps/arch64/bin/../lib/gcc/aarch64-elf/8.2.1\libc.a(lib_a-wctomb_r.o)
 .text.__sjis_wctomb
                0x0000000000000000       0x84 c:/apps/arch64/bin/../lib/gcc/aarch64-elf/8.2.1\libc.a(lib_a-wctomb_r.o)
 .text.__eucjp_wctomb
                0x0000000000000000       0xa8 c:/apps/arch64/bin/../lib/gcc/aarch64-elf/8.2.1\libc.a(lib_a-wctomb_r.o)
 .text.__jis_wctomb
                0x0000000000000000       0xbc c:/apps/arch64/bin/../lib/gcc/aarch64-elf/8.2.1\libc.a(lib_a-wctomb_r.o)
 .comment       0x0000000000000000       0x5f c:/apps/arch64/bin/../lib/gcc/aarch64-elf/8.2.1\libc.a(lib_a-wctomb_r.o)
 .debug_frame   0x0000000000000000       0xa0 c:/apps/arch64/bin/../lib/gcc/aarch64-elf/8.2.1\libc.a(lib_a-wctomb_r.o)
 .text          0x0000000000000000        0x0 c:/apps/arch64/bin/../lib/gcc/aarch64-elf/8.2.1\libc.a(lib_a-ctype_.o)
 .data          0x0000000000000000        0x0 c:/apps/arch64/bin/../lib/gcc/aarch64-elf/8.2.1\libc.a(lib_a-ctype_.o)
 .bss           0x0000000000000000        0x0 c:/apps/arch64/bin/../lib/gcc/aarch64-elf/8.2.1\libc.a(lib_a-ctype_.o)
 .text.__set_ctype
                0x0000000000000000       0x10 c:/apps/arch64/bin/../lib/gcc/aarch64-elf/8.2.1\libc.a(lib_a-ctype_.o)
 .comment       0x0000000000000000       0x5f c:/apps/arch64/bin/../lib/gcc/aarch64-elf/8.2.1\libc.a(lib_a-ctype_.o)
 .debug_frame   0x0000000000000000       0x28 c:/apps/arch64/bin/../lib/gcc/aarch64-elf/8.2.1\libc.a(lib_a-ctype_.o)
 .text          0x0000000000000000        0x0 c:/apps/arch64/bin/../lib/gcc/aarch64-elf/8.2.1\libc.a(lib_a-freer.o)
 .data          0x0000000000000000        0x0 c:/apps/arch64/bin/../lib/gcc/aarch64-elf/8.2.1\libc.a(lib_a-freer.o)
 .bss           0x0000000000000000        0x0 c:/apps/arch64/bin/../lib/gcc/aarch64-elf/8.2.1\libc.a(lib_a-freer.o)
 .text._malloc_trim_r
                0x0000000000000000      0x10c c:/apps/arch64/bin/../lib/gcc/aarch64-elf/8.2.1\libc.a(lib_a-freer.o)
 .text._free_r  0x0000000000000000      0x2f0 c:/apps/arch64/bin/../lib/gcc/aarch64-elf/8.2.1\libc.a(lib_a-freer.o)
 .debug_info    0x0000000000000000      0xdef c:/apps/arch64/bin/../lib/gcc/aarch64-elf/8.2.1\libc.a(lib_a-freer.o)
 .debug_abbrev  0x0000000000000000      0x2d8 c:/apps/arch64/bin/../lib/gcc/aarch64-elf/8.2.1\libc.a(lib_a-freer.o)
 .debug_loc     0x0000000000000000      0xa8c c:/apps/arch64/bin/../lib/gcc/aarch64-elf/8.2.1\libc.a(lib_a-freer.o)
 .debug_aranges
                0x0000000000000000       0x40 c:/apps/arch64/bin/../lib/gcc/aarch64-elf/8.2.1\libc.a(lib_a-freer.o)
 .debug_ranges  0x0000000000000000       0x30 c:/apps/arch64/bin/../lib/gcc/aarch64-elf/8.2.1\libc.a(lib_a-freer.o)
 .debug_line    0x0000000000000000      0x66c c:/apps/arch64/bin/../lib/gcc/aarch64-elf/8.2.1\libc.a(lib_a-freer.o)
 .debug_str     0x0000000000000000      0x7f0 c:/apps/arch64/bin/../lib/gcc/aarch64-elf/8.2.1\libc.a(lib_a-freer.o)
 .comment       0x0000000000000000       0x5f c:/apps/arch64/bin/../lib/gcc/aarch64-elf/8.2.1\libc.a(lib_a-freer.o)
 .debug_frame   0x0000000000000000       0xa8 c:/apps/arch64/bin/../lib/gcc/aarch64-elf/8.2.1\libc.a(lib_a-freer.o)
 .text          0x0000000000000000        0x0 c:/apps/arch64/bin/../lib/gcc/aarch64-elf/8.2.1\libc.a(lib_a-getenv_r.o)
 .data          0x0000000000000000        0x0 c:/apps/arch64/bin/../lib/gcc/aarch64-elf/8.2.1\libc.a(lib_a-getenv_r.o)
 .bss           0x0000000000000000        0x0 c:/apps/arch64/bin/../lib/gcc/aarch64-elf/8.2.1\libc.a(lib_a-getenv_r.o)
 .text._findenv_r
                0x0000000000000000       0xf4 c:/apps/arch64/bin/../lib/gcc/aarch64-elf/8.2.1\libc.a(lib_a-getenv_r.o)
 .text._getenv_r
                0x0000000000000000       0x18 c:/apps/arch64/bin/../lib/gcc/aarch64-elf/8.2.1\libc.a(lib_a-getenv_r.o)
 .debug_info    0x0000000000000000      0xae1 c:/apps/arch64/bin/../lib/gcc/aarch64-elf/8.2.1\libc.a(lib_a-getenv_r.o)
 .debug_abbrev  0x0000000000000000      0x261 c:/apps/arch64/bin/../lib/gcc/aarch64-elf/8.2.1\libc.a(lib_a-getenv_r.o)
 .debug_loc     0x0000000000000000      0x312 c:/apps/arch64/bin/../lib/gcc/aarch64-elf/8.2.1\libc.a(lib_a-getenv_r.o)
 .debug_aranges
                0x0000000000000000       0x40 c:/apps/arch64/bin/../lib/gcc/aarch64-elf/8.2.1\libc.a(lib_a-getenv_r.o)
 .debug_ranges  0x0000000000000000       0x30 c:/apps/arch64/bin/../lib/gcc/aarch64-elf/8.2.1\libc.a(lib_a-getenv_r.o)
 .debug_line    0x0000000000000000      0x386 c:/apps/arch64/bin/../lib/gcc/aarch64-elf/8.2.1\libc.a(lib_a-getenv_r.o)
 .debug_str     0x0000000000000000      0x66e c:/apps/arch64/bin/../lib/gcc/aarch64-elf/8.2.1\libc.a(lib_a-getenv_r.o)
 .comment       0x0000000000000000       0x5f c:/apps/arch64/bin/../lib/gcc/aarch64-elf/8.2.1\libc.a(lib_a-getenv_r.o)
 .debug_frame   0x0000000000000000       0x88 c:/apps/arch64/bin/../lib/gcc/aarch64-elf/8.2.1\libc.a(lib_a-getenv_r.o)
 .text          0x0000000000000000        0x0 c:/apps/arch64/bin/../lib/gcc/aarch64-elf/8.2.1\libc.a(lib_a-impure.o)
 .data          0x0000000000000000        0x0 c:/apps/arch64/bin/../lib/gcc/aarch64-elf/8.2.1\libc.a(lib_a-impure.o)
 .bss           0x0000000000000000        0x0 c:/apps/arch64/bin/../lib/gcc/aarch64-elf/8.2.1\libc.a(lib_a-impure.o)
 .rodata._global_impure_ptr
                0x0000000000000000        0x8 c:/apps/arch64/bin/../lib/gcc/aarch64-elf/8.2.1\libc.a(lib_a-impure.o)
 .comment       0x0000000000000000       0x5f c:/apps/arch64/bin/../lib/gcc/aarch64-elf/8.2.1\libc.a(lib_a-impure.o)
 .text          0x0000000000000000        0x0 c:/apps/arch64/bin/../lib/gcc/aarch64-elf/8.2.1\libc.a(lib_a-mallocr.o)
 .data          0x0000000000000000        0x0 c:/apps/arch64/bin/../lib/gcc/aarch64-elf/8.2.1\libc.a(lib_a-mallocr.o)
 .bss           0x0000000000000000        0x0 c:/apps/arch64/bin/../lib/gcc/aarch64-elf/8.2.1\libc.a(lib_a-mallocr.o)
 .text._malloc_r
                0x0000000000000000      0x7f0 c:/apps/arch64/bin/../lib/gcc/aarch64-elf/8.2.1\libc.a(lib_a-mallocr.o)
 .bss.__malloc_current_mallinfo
                0x0000000000000000       0x28 c:/apps/arch64/bin/../lib/gcc/aarch64-elf/8.2.1\libc.a(lib_a-mallocr.o)
 .bss.__malloc_max_sbrked_mem
                0x0000000000000000        0x8 c:/apps/arch64/bin/../lib/gcc/aarch64-elf/8.2.1\libc.a(lib_a-mallocr.o)
 .bss.__malloc_max_total_mem
                0x0000000000000000        0x8 c:/apps/arch64/bin/../lib/gcc/aarch64-elf/8.2.1\libc.a(lib_a-mallocr.o)
 .bss.__malloc_top_pad
                0x0000000000000000        0x8 c:/apps/arch64/bin/../lib/gcc/aarch64-elf/8.2.1\libc.a(lib_a-mallocr.o)
 .data.__malloc_av_
                0x0000000000000000      0x810 c:/apps/arch64/bin/../lib/gcc/aarch64-elf/8.2.1\libc.a(lib_a-mallocr.o)
 .data.__malloc_sbrk_base
                0x0000000000000000        0x8 c:/apps/arch64/bin/../lib/gcc/aarch64-elf/8.2.1\libc.a(lib_a-mallocr.o)
 .data.__malloc_trim_threshold
                0x0000000000000000        0x8 c:/apps/arch64/bin/../lib/gcc/aarch64-elf/8.2.1\libc.a(lib_a-mallocr.o)
 .debug_info    0x0000000000000000      0xf8b c:/apps/arch64/bin/../lib/gcc/aarch64-elf/8.2.1\libc.a(lib_a-mallocr.o)
 .debug_abbrev  0x0000000000000000      0x330 c:/apps/arch64/bin/../lib/gcc/aarch64-elf/8.2.1\libc.a(lib_a-mallocr.o)
 .debug_loc     0x0000000000000000     0x181b c:/apps/arch64/bin/../lib/gcc/aarch64-elf/8.2.1\libc.a(lib_a-mallocr.o)
 .debug_aranges
                0x0000000000000000       0x30 c:/apps/arch64/bin/../lib/gcc/aarch64-elf/8.2.1\libc.a(lib_a-mallocr.o)
 .debug_ranges  0x0000000000000000       0x80 c:/apps/arch64/bin/../lib/gcc/aarch64-elf/8.2.1\libc.a(lib_a-mallocr.o)
 .debug_line    0x0000000000000000      0x99a c:/apps/arch64/bin/../lib/gcc/aarch64-elf/8.2.1\libc.a(lib_a-mallocr.o)
 .debug_str     0x0000000000000000      0x877 c:/apps/arch64/bin/../lib/gcc/aarch64-elf/8.2.1\libc.a(lib_a-mallocr.o)
 .comment       0x0000000000000000       0x5f c:/apps/arch64/bin/../lib/gcc/aarch64-elf/8.2.1\libc.a(lib_a-mallocr.o)
 .debug_frame   0x0000000000000000       0xc8 c:/apps/arch64/bin/../lib/gcc/aarch64-elf/8.2.1\libc.a(lib_a-mallocr.o)
 .data          0x0000000000000000        0x0 c:/apps/arch64/bin/../lib/gcc/aarch64-elf/8.2.1\libc.a(lib_a-memset.o)
 .bss           0x0000000000000000        0x0 c:/apps/arch64/bin/../lib/gcc/aarch64-elf/8.2.1\libc.a(lib_a-memset.o)
 .text          0x0000000000000000        0x0 c:/apps/arch64/bin/../lib/gcc/aarch64-elf/8.2.1\libc.a(lib_a-mlock.o)
 .data          0x0000000000000000        0x0 c:/apps/arch64/bin/../lib/gcc/aarch64-elf/8.2.1\libc.a(lib_a-mlock.o)
 .bss           0x0000000000000000        0x0 c:/apps/arch64/bin/../lib/gcc/aarch64-elf/8.2.1\libc.a(lib_a-mlock.o)
 .text.__malloc_lock
                0x0000000000000000        0x4 c:/apps/arch64/bin/../lib/gcc/aarch64-elf/8.2.1\libc.a(lib_a-mlock.o)
 .text.__malloc_unlock
                0x0000000000000000        0x4 c:/apps/arch64/bin/../lib/gcc/aarch64-elf/8.2.1\libc.a(lib_a-mlock.o)
 .debug_info    0x0000000000000000      0x971 c:/apps/arch64/bin/../lib/gcc/aarch64-elf/8.2.1\libc.a(lib_a-mlock.o)
 .debug_abbrev  0x0000000000000000      0x20e c:/apps/arch64/bin/../lib/gcc/aarch64-elf/8.2.1\libc.a(lib_a-mlock.o)
 .debug_aranges
                0x0000000000000000       0x30 c:/apps/arch64/bin/../lib/gcc/aarch64-elf/8.2.1\libc.a(lib_a-mlock.o)
 .debug_ranges  0x0000000000000000       0x20 c:/apps/arch64/bin/../lib/gcc/aarch64-elf/8.2.1\libc.a(lib_a-mlock.o)
 .debug_line    0x0000000000000000      0x1ff c:/apps/arch64/bin/../lib/gcc/aarch64-elf/8.2.1\libc.a(lib_a-mlock.o)
 .debug_str     0x0000000000000000      0x63b c:/apps/arch64/bin/../lib/gcc/aarch64-elf/8.2.1\libc.a(lib_a-mlock.o)
 .comment       0x0000000000000000       0x5f c:/apps/arch64/bin/../lib/gcc/aarch64-elf/8.2.1\libc.a(lib_a-mlock.o)
 .debug_frame   0x0000000000000000       0x40 c:/apps/arch64/bin/../lib/gcc/aarch64-elf/8.2.1\libc.a(lib_a-mlock.o)
 .text          0x0000000000000000        0x0 c:/apps/arch64/bin/../lib/gcc/aarch64-elf/8.2.1\libc.a(lib_a-sbrkr.o)
 .data          0x0000000000000000        0x0 c:/apps/arch64/bin/../lib/gcc/aarch64-elf/8.2.1\libc.a(lib_a-sbrkr.o)
 .bss           0x0000000000000000        0x0 c:/apps/arch64/bin/../lib/gcc/aarch64-elf/8.2.1\libc.a(lib_a-sbrkr.o)
 .text._sbrk_r  0x0000000000000000       0x4c c:/apps/arch64/bin/../lib/gcc/aarch64-elf/8.2.1\libc.a(lib_a-sbrkr.o)
 .debug_info    0x0000000000000000      0xa0e c:/apps/arch64/bin/../lib/gcc/aarch64-elf/8.2.1\libc.a(lib_a-sbrkr.o)
 .debug_abbrev  0x0000000000000000      0x25f c:/apps/arch64/bin/../lib/gcc/aarch64-elf/8.2.1\libc.a(lib_a-sbrkr.o)
 .debug_loc     0x0000000000000000       0xe1 c:/apps/arch64/bin/../lib/gcc/aarch64-elf/8.2.1\libc.a(lib_a-sbrkr.o)
 .debug_aranges
                0x0000000000000000       0x30 c:/apps/arch64/bin/../lib/gcc/aarch64-elf/8.2.1\libc.a(lib_a-sbrkr.o)
 .debug_ranges  0x0000000000000000       0x20 c:/apps/arch64/bin/../lib/gcc/aarch64-elf/8.2.1\libc.a(lib_a-sbrkr.o)
 .debug_line    0x0000000000000000      0x2d0 c:/apps/arch64/bin/../lib/gcc/aarch64-elf/8.2.1\libc.a(lib_a-sbrkr.o)
 .debug_str     0x0000000000000000      0x652 c:/apps/arch64/bin/../lib/gcc/aarch64-elf/8.2.1\libc.a(lib_a-sbrkr.o)
 .comment       0x0000000000000000       0x5f c:/apps/arch64/bin/../lib/gcc/aarch64-elf/8.2.1\libc.a(lib_a-sbrkr.o)
 .debug_frame   0x0000000000000000       0x48 c:/apps/arch64/bin/../lib/gcc/aarch64-elf/8.2.1\libc.a(lib_a-sbrkr.o)
 .text          0x0000000000000000        0x0 c:/apps/arch64/bin/../lib/gcc/aarch64-elf/8.2.1\libc.a(lib_a-environ.o)
 .data          0x0000000000000000        0x0 c:/apps/arch64/bin/../lib/gcc/aarch64-elf/8.2.1\libc.a(lib_a-environ.o)
 .bss           0x0000000000000000        0x0 c:/apps/arch64/bin/../lib/gcc/aarch64-elf/8.2.1\libc.a(lib_a-environ.o)
 .bss.initial_env
                0x0000000000000000        0x8 c:/apps/arch64/bin/../lib/gcc/aarch64-elf/8.2.1\libc.a(lib_a-environ.o)
 .data.environ  0x0000000000000000        0x8 c:/apps/arch64/bin/../lib/gcc/aarch64-elf/8.2.1\libc.a(lib_a-environ.o)
 .debug_info    0x0000000000000000       0x74 c:/apps/arch64/bin/../lib/gcc/aarch64-elf/8.2.1\libc.a(lib_a-environ.o)
 .debug_abbrev  0x0000000000000000       0x5a c:/apps/arch64/bin/../lib/gcc/aarch64-elf/8.2.1\libc.a(lib_a-environ.o)
 .debug_aranges
                0x0000000000000000       0x20 c:/apps/arch64/bin/../lib/gcc/aarch64-elf/8.2.1\libc.a(lib_a-environ.o)
 .debug_line    0x0000000000000000       0xaa c:/apps/arch64/bin/../lib/gcc/aarch64-elf/8.2.1\libc.a(lib_a-environ.o)
 .debug_str     0x0000000000000000      0x1bd c:/apps/arch64/bin/../lib/gcc/aarch64-elf/8.2.1\libc.a(lib_a-environ.o)
 .comment       0x0000000000000000       0x5f c:/apps/arch64/bin/../lib/gcc/aarch64-elf/8.2.1\libc.a(lib_a-environ.o)
 .text          0x0000000000000000        0x0 c:/apps/arch64/bin/../lib/gcc/aarch64-elf/8.2.1\libc.a(lib_a-envlock.o)
 .data          0x0000000000000000        0x0 c:/apps/arch64/bin/../lib/gcc/aarch64-elf/8.2.1\libc.a(lib_a-envlock.o)
 .bss           0x0000000000000000        0x0 c:/apps/arch64/bin/../lib/gcc/aarch64-elf/8.2.1\libc.a(lib_a-envlock.o)
 .text.__env_lock
                0x0000000000000000        0x4 c:/apps/arch64/bin/../lib/gcc/aarch64-elf/8.2.1\libc.a(lib_a-envlock.o)
 .text.__env_unlock
                0x0000000000000000        0x4 c:/apps/arch64/bin/../lib/gcc/aarch64-elf/8.2.1\libc.a(lib_a-envlock.o)
 .debug_info    0x0000000000000000      0x971 c:/apps/arch64/bin/../lib/gcc/aarch64-elf/8.2.1\libc.a(lib_a-envlock.o)
 .debug_abbrev  0x0000000000000000      0x212 c:/apps/arch64/bin/../lib/gcc/aarch64-elf/8.2.1\libc.a(lib_a-envlock.o)
 .debug_aranges
                0x0000000000000000       0x30 c:/apps/arch64/bin/../lib/gcc/aarch64-elf/8.2.1\libc.a(lib_a-envlock.o)
 .debug_ranges  0x0000000000000000       0x20 c:/apps/arch64/bin/../lib/gcc/aarch64-elf/8.2.1\libc.a(lib_a-envlock.o)
 .debug_line    0x0000000000000000      0x28f c:/apps/arch64/bin/../lib/gcc/aarch64-elf/8.2.1\libc.a(lib_a-envlock.o)
 .debug_str     0x0000000000000000      0x634 c:/apps/arch64/bin/../lib/gcc/aarch64-elf/8.2.1\libc.a(lib_a-envlock.o)
 .comment       0x0000000000000000       0x5f c:/apps/arch64/bin/../lib/gcc/aarch64-elf/8.2.1\libc.a(lib_a-envlock.o)
 .debug_frame   0x0000000000000000       0x40 c:/apps/arch64/bin/../lib/gcc/aarch64-elf/8.2.1\libc.a(lib_a-envlock.o)

Memory Configuration

Name             Origin             Length             Attributes
RAM              0x0000000000080000 0x0000000008000000 xrw
*default*        0x0000000000000000 0xffffffffffffffff

Linker script and memory map


.text           0x0000000000080000     0x9bd8
                0x0000000000080000                . = ALIGN (0x4)
                0x0000000000080000                __text_start__ = .
                0x0000000000080000                _start = .
 *(.text.startup)
 .text.startup  0x0000000000080000      0x308 C:\Users\Tony\AppData\Local\Temp\ccjVksGz.o
                0x000000000008029c                RPi_CpuIdString
                0x00000000000802b0                EnableInterrupts
                0x00000000000802b8                DisableInterrupts
                0x00000000000802c0                CoreExecute
 *(.text .text.* .gnu.linkonce.t.*)
 *fill*         0x0000000000080308        0x8 
 .text          0x0000000000080310      0x200 C:\Users\Tony\AppData\Local\Temp\ccq3MjpD.o
                0x0000000000080310                kernel_main
                0x00000000000803e0                DisplayDirectory
 .text.ARMaddrToGPUaddr
                0x0000000000080510        0xc C:\Users\Tony\AppData\Local\Temp\ccjVksGz.o
                0x0000000000080510                ARMaddrToGPUaddr
 *fill*         0x000000000008051c      0x2e4 
 .text.GPUaddrToARMaddr
                0x0000000000080800      0xf84 C:\Users\Tony\AppData\Local\Temp\ccjVksGz.o
                0x0000000000080800                GPUaddrToARMaddr
                0x000000000008080c                c_irq_handler
                0x0000000000080810                c_irq_identify_and_clear_source
                0x0000000000080814                irq_handler
                0x0000000000081000                VectorTable
 *fill*         0x0000000000081784        0xc 
 .text          0x0000000000081790     0x24b0 C:\Users\Tony\AppData\Local\Temp\ccVj0JVs.o
                0x00000000000827d0                gpio_setup
                0x0000000000082840                gpio_output
                0x00000000000828b0                gpio_input
                0x00000000000828f0                gpio_checkEvent
                0x0000000000082930                gpio_clearEvent
                0x0000000000082970                gpio_edgeDetect
                0x0000000000082a10                gpio_fixResistor
                0x0000000000082af0                timer_getTickCount
                0x0000000000082b20                timer_wait
                0x0000000000082b80                tick_difference
                0x0000000000082b90                mailbox_write
                0x0000000000082bd0                mailbox_read
                0x0000000000082c20                mailbox_tag_message
                0x0000000000082dc0                set_Activity_LED
                0x0000000000082f40                ARM_setmaxspeed
                0x0000000000082fd0                displaySmartStart
                0x0000000000083040                Embedded_Console_WriteChar
                0x00000000000830f0                WriteText
                0x00000000000831e0                SetDCPenColor
                0x0000000000083200                SetDCBrushColor
                0x0000000000083220                MoveToEx
                0x0000000000083250                LineTo
                0x0000000000083320                TextOut
                0x00000000000833a0                BmpOut
                0x00000000000833f0                CvtBmpLine
                0x0000000000083790                SmartStartPutPixelRaw
                0x00000000000837a0                Rectangle
                0x00000000000837d0                PiConsole_Init
                0x0000000000083a60                GetConsoleDC
                0x0000000000083a70                GetConsole_FrameBuffer
                0x0000000000083a80                GetConsole_Width
                0x0000000000083a90                GetConsole_Height
                0x0000000000083aa0                _sbrk
                0x0000000000083ad0                _kill
                0x0000000000083af0                _getpid
                0x0000000000083b00                _read
                0x0000000000083b10                _close
                0x0000000000083b20                _lseek
                0x0000000000083b30                _isatty
                0x0000000000083b40                _fstat
                0x0000000000083b50                _exit
                0x0000000000083b60                _write
 .text          0x0000000000083c40      0xd24 C:\Users\Tony\AppData\Local\Temp\cc293sUA.o
                0x0000000000083ef0                vsprintf
                0x0000000000084820                sprintf
                0x00000000000848a0                printf
 *fill*         0x0000000000084964        0xc 
 .text          0x0000000000084970     0x39ec C:\Users\Tony\AppData\Local\Temp\ccak63rT.o
                0x0000000000085cd0                sdTransferBlocks
                0x0000000000086040                sdClearBlocks
                0x00000000000861c0                getSetNextCluster
                0x0000000000086410                WildcardMatch
                0x0000000000086d40                sdFindFirstFile
                0x0000000000087130                sdFindNextFile
                0x00000000000871f0                sdFindClose
                0x0000000000087240                sdCreateFile
                0x0000000000087670                sdReadFile
                0x00000000000879b0                sdCloseHandle
                0x0000000000087a00                sdSetFilePointer
                0x0000000000087e10                sdGetFileSize
                0x0000000000087e50                sdInitCard
                0x0000000000088340                sdCardCSD
 *fill*         0x000000000008835c        0x4 
 .text          0x0000000000088360      0x368 C:\Users\Tony\AppData\Local\Temp\ccwfJvyM.o
                0x0000000000088360                fonts_is_implemented
                0x0000000000088380                fonts_char_to_font
                0x00000000000883a0                fonts_init
 *fill*         0x00000000000886c8        0x8 
 .text          0x00000000000886d0      0xa88 C:\Users\Tony\AppData\Local\Temp\ccBVqZRU.o
                0x00000000000886d0                hal_io_init
                0x00000000000886e0                hal_io_video_init
                0x0000000000088700                hal_io_video_line
                0x0000000000088800                hal_io_video_putc
                0x0000000000088ab0                hal_io_video_putc_x_y
                0x0000000000088ce0                hal_io_video_puts
                0x0000000000088fe0                hal_io_video_put_pixel
                0x0000000000089010                hal_io_serial_init
                0x00000000000890b0                hal_io_serial_puts
                0x00000000000890f0                hal_io_serial_putc
                0x0000000000089120                hal_io_serial_getc
 *fill*         0x0000000000089158        0x8 
 .text          0x0000000000089160      0x1c8 C:\Users\Tony\AppData\Local\Temp\ccmZhfMg.o
                0x0000000000089160                trm_init
                0x0000000000089170                trm_capture
                0x0000000000089250                trm_parse_buffer
                0x00000000000892c0                buffer_out
                0x00000000000892d0                buffer_add_c
                0x0000000000089300                clear_buffer
                0x0000000000089320                trm_exec_run
 .text.__locale_ctype_ptr
                0x0000000000089328       0x24 c:/apps/arch64/bin/../lib/gcc/aarch64-elf/8.2.1\libc.a(lib_a-locale.o)
                0x0000000000089328                __locale_ctype_ptr
 *fill*         0x000000000008934c        0x4 
 .text.__ascii_mbtowc
                0x0000000000089350       0x48 c:/apps/arch64/bin/../lib/gcc/aarch64-elf/8.2.1\libc.a(lib_a-mbtowc_r.o)
                0x0000000000089350                __ascii_mbtowc
 *fill*         0x0000000000089398       0x28 
 .text          0x00000000000893c0      0x16c c:/apps/arch64/bin/../lib/gcc/aarch64-elf/8.2.1\libc.a(lib_a-memcpy.o)
                0x00000000000893c0                memcpy
 .text          0x000000000008952c       0xdc c:/apps/arch64/bin/../lib/gcc/aarch64-elf/8.2.1\libc.a(lib_a-strchr.o)
                0x000000000008952c                strchr
 *fill*         0x0000000000089608       0x38 
 .text          0x0000000000089640      0x140 c:/apps/arch64/bin/../lib/gcc/aarch64-elf/8.2.1\libc.a(lib_a-strlen.o)
                0x0000000000089640                strlen
 .text.strncpy  0x0000000000089780       0xa8 c:/apps/arch64/bin/../lib/gcc/aarch64-elf/8.2.1\libc.a(lib_a-strncpy.o)
                0x0000000000089780                strncpy
 *fill*         0x0000000000089828       0x18 
 .text          0x0000000000089840       0xe0 c:/apps/arch64/bin/../lib/gcc/aarch64-elf/8.2.1\libc.a(lib_a-strnlen.o)
                0x0000000000089864                strnlen
 .text.wctob    0x0000000000089920       0x84 c:/apps/arch64/bin/../lib/gcc/aarch64-elf/8.2.1\libc.a(lib_a-wctob.o)
                0x0000000000089920                wctob
 *fill*         0x00000000000899a4        0x4 
 .text.__ascii_wctomb
                0x00000000000899a8       0x34 c:/apps/arch64/bin/../lib/gcc/aarch64-elf/8.2.1\libc.a(lib_a-wctomb_r.o)
                0x00000000000899a8                __ascii_wctomb
 *fill*         0x00000000000899dc       0x24 
 .text          0x0000000000089a00      0x1d8 c:/apps/arch64/bin/../lib/gcc/aarch64-elf/8.2.1\libc.a(lib_a-memset.o)
                0x0000000000089a00                memset
 *(.rel.text .rel.text.* .rel.gnu.linkonce.t.*)
 *(.init .init.*)
                0x0000000000089bd8                . = ALIGN (0x4)
                0x0000000000089bd8                __text_end__ = .

.iplt           0x0000000000089bd8        0x0
 .iplt          0x0000000000089bd8        0x0 C:\Users\Tony\AppData\Local\Temp\ccq3MjpD.o

.bss            0x0000000000089bd8     0x3304
                0x0000000000089bd8                . = ALIGN (0x4)
                0x0000000000089bd8                __bss_start__ = .
 *(.bss .bss.* .gnu.linkonce.b.*)
 .bss           0x0000000000089bd8       0x70 C:\Users\Tony\AppData\Local\Temp\ccVj0JVs.o
                0x0000000000089bdc                console
 .bss           0x0000000000089c48     0x25a0 C:\Users\Tony\AppData\Local\Temp\ccak63rT.o
                0x0000000000089c48                LOG_ERROR
 .bss           0x000000000008c1e8      0xaf4 C:\Users\Tony\AppData\Local\Temp\ccwfJvyM.o
 *(.rela.bss .rela.bss.* .rela.gnu.linkonce.b.*)
 *(COMMON)
 *fill*         0x000000000008ccdc        0x4 
 COMMON         0x000000000008cce0      0x1f4 C:\Users\Tony\AppData\Local\Temp\ccq3MjpD.o
                0x000000000008cce0                buffer
 COMMON         0x000000000008ced4        0x1 C:\Users\Tony\AppData\Local\Temp\ccmZhfMg.o
                0x000000000008ced4                bpos
 *fill*         0x000000000008ced5        0x3 
 COMMON         0x000000000008ced8        0x4 c:/apps/arch64/bin/../lib/gcc/aarch64-elf/8.2.1\libc.a(lib_a-reent.o)
                0x000000000008ced8                errno
                0x000000000008cedc                . = ALIGN (0x4)
                0x000000000008cedc                __bss_end__ = .

.rodata         0x000000000008cee0     0x175c
                0x000000000008cee0                . = ALIGN (0x4)
                0x000000000008cee0                __rodata_start__ = .
 *(.rodata .rodata.*)
 .rodata        0x000000000008cee0       0x60 C:\Users\Tony\AppData\Local\Temp\ccq3MjpD.o
 .rodata.str1.8
                0x000000000008cf40       0xbc C:\Users\Tony\AppData\Local\Temp\ccq3MjpD.o
                                         0xc4 (size before relaxing)
 .rodata.cpuid  0x000000000008cffc        0xc C:\Users\Tony\AppData\Local\Temp\ccjVksGz.o
 .rodata        0x000000000008d008     0x1004 C:\Users\Tony\AppData\Local\Temp\ccVj0JVs.o
                0x000000000008e008                BitFontEnd
 *fill*         0x000000000008e00c        0x4 
 .rodata.str1.8
                0x000000000008e010       0xec C:\Users\Tony\AppData\Local\Temp\ccVj0JVs.o
 *fill*         0x000000000008e0fc        0x4 
 .rodata        0x000000000008e100       0x10 C:\Users\Tony\AppData\Local\Temp\cc293sUA.o
 .rodata        0x000000000008e110       0x28 C:\Users\Tony\AppData\Local\Temp\ccak63rT.o
 .rodata.str1.8
                0x000000000008e138      0x39a C:\Users\Tony\AppData\Local\Temp\ccak63rT.o
 *fill*         0x000000000008e4d2        0x6 
 .rodata.str1.8
                0x000000000008e4d8       0x60 c:/apps/arch64/bin/../lib/gcc/aarch64-elf/8.2.1\libc.a(lib_a-locale.o)
                                         0x64 (size before relaxing)
 .rodata._ctype_
                0x000000000008e538      0x101 c:/apps/arch64/bin/../lib/gcc/aarch64-elf/8.2.1\libc.a(lib_a-ctype_.o)
                0x000000000008e538                _ctype_
 *(.rel.rodata .rel.rodata.* .rel.gnu.linkonce.r.*)
                0x000000000008e63c                . = ALIGN (0x4)
 *fill*         0x000000000008e639        0x3 
                0x000000000008e63c                __rodata_end__ = .

.rela.dyn       0x000000000008e640        0x0
 .rela.iplt     0x000000000008e640        0x0 C:\Users\Tony\AppData\Local\Temp\ccq3MjpD.o
 .rela.text.startup
                0x000000000008e640        0x0 C:\Users\Tony\AppData\Local\Temp\ccq3MjpD.o
 .rela.text     0x000000000008e640        0x0 C:\Users\Tony\AppData\Local\Temp\ccq3MjpD.o

.data           0x000000000008e640      0xcc8
                0x000000000008e640                . = ALIGN (0x4)
                0x000000000008e640                __data_start__ = .
 *(.data .data.* .gnu.linkonce.d.*)
 .data.smartstart64
                0x000000000008e640       0x18 C:\Users\Tony\AppData\Local\Temp\ccjVksGz.o
                0x000000000008e640                RPi_IO_Base_Addr
                0x000000000008e644                RPi_BootAddr
                0x000000000008e648                RPi_CoresReady
                0x000000000008e64c                RPi_CPUBootMode
                0x000000000008e650                RPi_CpuId
                0x000000000008e654                RPi_CompileMode
 .data          0x000000000008e658        0x4 C:\Users\Tony\AppData\Local\Temp\ccVj0JVs.o
 *fill*         0x000000000008e65c        0x4 
 .data          0x000000000008e660      0x3a8 C:\Users\Tony\AppData\Local\Temp\ccak63rT.o
 .data          0x000000000008ea08        0x8 C:\Users\Tony\AppData\Local\Temp\ccBVqZRU.o
                0x000000000008ea08                curr_y
                0x000000000008ea0c                curr_x
 .data.__global_locale
                0x000000000008ea10      0x1a8 c:/apps/arch64/bin/../lib/gcc/aarch64-elf/8.2.1\libc.a(lib_a-locale.o)
                0x000000000008ea10                __global_locale
 .data._impure_ptr
                0x000000000008ebb8        0x8 c:/apps/arch64/bin/../lib/gcc/aarch64-elf/8.2.1\libc.a(lib_a-impure.o)
                0x000000000008ebb8                _impure_ptr
 .data.impure_data
                0x000000000008ebc0      0x748 c:/apps/arch64/bin/../lib/gcc/aarch64-elf/8.2.1\libc.a(lib_a-impure.o)
 *(.rel.data .rel.data.* .rel.gnu.linkonce.d.*)
                0x000000000008f308                . = ALIGN (0x4)
                0x000000000008f308                __data_end__ = .

.igot.plt       0x000000000008f308        0x0
 .igot.plt      0x000000000008f308        0x0 C:\Users\Tony\AppData\Local\Temp\ccq3MjpD.o

.data1          0x000000000008f308        0x8
                0x000000000008f310                . = ALIGN (0x10)
 *fill*         0x000000000008f308        0x8 
                0x000000000008f310                __data1_start__ = .
 *(.data1 .data1.*)
 *(.rel.data1 .rel.data1.*)
                0x000000000008f310                . = ALIGN (0x10)
                0x000000000008f310                __data1_end__ = .

.stack          0x000000000008f310     0xc200
                0x000000000008f310                . = ALIGN (0x10)
                0x000000000008f310                __stack_start__ = .
                0x000000000008f510                . = (. + 0x200)
 *fill*         0x000000000008f310      0x200 
                0x000000000008f510                __EL0_stack_core0 = .
                0x0000000000097510                . = (. + 0x8000)
 *fill*         0x000000000008f510     0x8000 
                0x0000000000097510                __EL1_stack_core0 = .
                0x000000000009b510                . = (. + 0x4000)
 *fill*         0x0000000000097510     0x4000 
                0x000000000009b510                __EL2_stack_core0 = .
                0x000000000009b510                . = ALIGN (0x10)
                0x000000000009b510                __stack_end__ = .

.stack_core1    0x000000000009b510     0x1400
                0x000000000009b510                . = ALIGN (0x10)
                0x000000000009b510                __stack_start_core1__ = .
                0x000000000009b710                . = (. + 0x200)
 *fill*         0x000000000009b510      0x200 
                0x000000000009b710                __EL0_stack_core1 = .
                0x000000000009b910                . = (. + 0x200)
 *fill*         0x000000000009b710      0x200 
                0x000000000009b910                __EL1_stack_core1 = .
                0x000000000009c910                . = (. + 0x1000)
 *fill*         0x000000000009b910     0x1000 
                0x000000000009c910                __EL2_stack_core1 = .
                0x000000000009c910                . = ALIGN (0x10)
                0x000000000009c910                __stack_end_core1__ = .

.stack_core2    0x000000000009c910     0x1400
                0x000000000009c910                . = ALIGN (0x10)
                0x000000000009c910                __stack_start_core2__ = .
                0x000000000009cb10                . = (. + 0x200)
 *fill*         0x000000000009c910      0x200 
                0x000000000009cb10                __EL0_stack_core2 = .
                0x000000000009cd10                . = (. + 0x200)
 *fill*         0x000000000009cb10      0x200 
                0x000000000009cd10                __EL1_stack_core2 = .
                0x000000000009dd10                . = (. + 0x1000)
 *fill*         0x000000000009cd10     0x1000 
                0x000000000009dd10                __EL2_stack_core2 = .
                0x000000000009dd10                . = ALIGN (0x10)
                0x000000000009dd10                __stack_end_core2__ = .

.stack_core3    0x000000000009dd10     0x1400
                0x000000000009dd10                . = ALIGN (0x10)
                0x000000000009dd10                __stack_start_core3__ = .
                0x000000000009df10                . = (. + 0x200)
 *fill*         0x000000000009dd10      0x200 
                0x000000000009df10                __EL0_stack_core3 = .
                0x000000000009e110                . = (. + 0x200)
 *fill*         0x000000000009df10      0x200 
                0x000000000009e110                __EL1_stack_core3 = .
                0x000000000009f110                . = (. + 0x1000)
 *fill*         0x000000000009e110     0x1000 
                0x000000000009f110                __EL2_stack_core3 = .
                0x000000000009f110                . = ALIGN (0x10)
                0x000000000009f110                __stack_end_core3__ = .

.ARM.attributes
 *(.ARM.attributes)

.Heap           0x000000000009f110        0x0
                0x000000000009f110                . = ALIGN (0x4)
                0x000000000009f110                __heap_start__ = .
                0x000000000009f110                __end__ = .
                [!provide]                        PROVIDE (__end__ = .)
                0x000000000009f110                _end = .
                [!provide]                        PROVIDE (end = .)

/DISCARD/
 *(.ARM.exidx .ARM.exidx.*)
 *(.rel.ARM.exidx .rel.ARM.exidx.* .gnu.linkonce.armexidx.*)
 *(.debug_frame .debug_frame.*)
 *(.comment *.comment.*)
 *(.symtab .symtab.*)
 *(.strtab .strtab.*)
 *(.shstrtab .shstrtab.*)
 *(.note.GNU-stack)
 *(.gnu_debuglink)
 *(.gnu.lto_*)
LOAD C:\Users\Tony\AppData\Local\Temp\ccq3MjpD.o
LOAD C:\Users\Tony\AppData\Local\Temp\ccjVksGz.o
LOAD C:\Users\Tony\AppData\Local\Temp\ccVj0JVs.o
LOAD C:\Users\Tony\AppData\Local\Temp\cc293sUA.o
LOAD C:\Users\Tony\AppData\Local\Temp\ccak63rT.o
LOAD C:\Users\Tony\AppData\Local\Temp\ccwfJvyM.o
LOAD C:\Users\Tony\AppData\Local\Temp\ccBVqZRU.o
LOAD C:\Users\Tony\AppData\Local\Temp\ccmZhfMg.o
LOAD c:/apps/arch64/bin/../lib/gcc/aarch64-elf/8.2.1\libc.a
LOAD c:/apps/arch64/bin/../lib/gcc/aarch64-elf/8.2.1\libm.a
LOAD c:/apps/arch64/bin/../lib/gcc/aarch64-elf/8.2.1\libgcc.a
OUTPUT(output/kernel_rp3.elf elf64-littleaarch64)

.debug_info     0x0000000000000000     0x865e
 .debug_info    0x0000000000000000     0x2011 c:/apps/arch64/bin/../lib/gcc/aarch64-elf/8.2.1\libc.a(lib_a-locale.o)
 .debug_info    0x0000000000002011     0x1563 c:/apps/arch64/bin/../lib/gcc/aarch64-elf/8.2.1\libc.a(lib_a-mbtowc_r.o)
 .debug_info    0x0000000000003574       0x2e c:/apps/arch64/bin/../lib/gcc/aarch64-elf/8.2.1\libc.a(lib_a-memcpy.o)
 .debug_info    0x00000000000035a2      0xb1d c:/apps/arch64/bin/../lib/gcc/aarch64-elf/8.2.1\libc.a(lib_a-reent.o)
 .debug_info    0x00000000000040bf       0x2e c:/apps/arch64/bin/../lib/gcc/aarch64-elf/8.2.1\libc.a(lib_a-strchr.o)
 .debug_info    0x00000000000040ed       0x2e c:/apps/arch64/bin/../lib/gcc/aarch64-elf/8.2.1\libc.a(lib_a-strlen.o)
 .debug_info    0x000000000000411b      0x9da c:/apps/arch64/bin/../lib/gcc/aarch64-elf/8.2.1\libc.a(lib_a-strncpy.o)
 .debug_info    0x0000000000004af5       0x2e c:/apps/arch64/bin/../lib/gcc/aarch64-elf/8.2.1\libc.a(lib_a-strnlen.o)
 .debug_info    0x0000000000004b23      0xfba c:/apps/arch64/bin/../lib/gcc/aarch64-elf/8.2.1\libc.a(lib_a-wctob.o)
 .debug_info    0x0000000000005add     0x1314 c:/apps/arch64/bin/../lib/gcc/aarch64-elf/8.2.1\libc.a(lib_a-wctomb_r.o)
 .debug_info    0x0000000000006df1      0xf05 c:/apps/arch64/bin/../lib/gcc/aarch64-elf/8.2.1\libc.a(lib_a-ctype_.o)
 .debug_info    0x0000000000007cf6      0x93a c:/apps/arch64/bin/../lib/gcc/aarch64-elf/8.2.1\libc.a(lib_a-impure.o)
 .debug_info    0x0000000000008630       0x2e c:/apps/arch64/bin/../lib/gcc/aarch64-elf/8.2.1\libc.a(lib_a-memset.o)

.debug_abbrev   0x0000000000000000     0x1654
 .debug_abbrev  0x0000000000000000      0x414 c:/apps/arch64/bin/../lib/gcc/aarch64-elf/8.2.1\libc.a(lib_a-locale.o)
 .debug_abbrev  0x0000000000000414      0x388 c:/apps/arch64/bin/../lib/gcc/aarch64-elf/8.2.1\libc.a(lib_a-mbtowc_r.o)
 .debug_abbrev  0x000000000000079c       0x14 c:/apps/arch64/bin/../lib/gcc/aarch64-elf/8.2.1\libc.a(lib_a-memcpy.o)
 .debug_abbrev  0x00000000000007b0      0x2c9 c:/apps/arch64/bin/../lib/gcc/aarch64-elf/8.2.1\libc.a(lib_a-reent.o)
 .debug_abbrev  0x0000000000000a79       0x14 c:/apps/arch64/bin/../lib/gcc/aarch64-elf/8.2.1\libc.a(lib_a-strchr.o)
 .debug_abbrev  0x0000000000000a8d       0x14 c:/apps/arch64/bin/../lib/gcc/aarch64-elf/8.2.1\libc.a(lib_a-strlen.o)
 .debug_abbrev  0x0000000000000aa1      0x232 c:/apps/arch64/bin/../lib/gcc/aarch64-elf/8.2.1\libc.a(lib_a-strncpy.o)
 .debug_abbrev  0x0000000000000cd3       0x14 c:/apps/arch64/bin/../lib/gcc/aarch64-elf/8.2.1\libc.a(lib_a-strnlen.o)
 .debug_abbrev  0x0000000000000ce7      0x297 c:/apps/arch64/bin/../lib/gcc/aarch64-elf/8.2.1\libc.a(lib_a-wctob.o)
 .debug_abbrev  0x0000000000000f7e      0x2ce c:/apps/arch64/bin/../lib/gcc/aarch64-elf/8.2.1\libc.a(lib_a-wctomb_r.o)
 .debug_abbrev  0x000000000000124c      0x22d c:/apps/arch64/bin/../lib/gcc/aarch64-elf/8.2.1\libc.a(lib_a-ctype_.o)
 .debug_abbrev  0x0000000000001479      0x1c7 c:/apps/arch64/bin/../lib/gcc/aarch64-elf/8.2.1\libc.a(lib_a-impure.o)
 .debug_abbrev  0x0000000000001640       0x14 c:/apps/arch64/bin/../lib/gcc/aarch64-elf/8.2.1\libc.a(lib_a-memset.o)

.debug_loc      0x0000000000000000     0x42d2
 .debug_loc     0x0000000000000000     0x1506 c:/apps/arch64/bin/../lib/gcc/aarch64-elf/8.2.1\libc.a(lib_a-locale.o)
 .debug_loc     0x0000000000001506     0x166d c:/apps/arch64/bin/../lib/gcc/aarch64-elf/8.2.1\libc.a(lib_a-mbtowc_r.o)
 .debug_loc     0x0000000000002b73      0x24a c:/apps/arch64/bin/../lib/gcc/aarch64-elf/8.2.1\libc.a(lib_a-reent.o)
 .debug_loc     0x0000000000002dbd      0x26f c:/apps/arch64/bin/../lib/gcc/aarch64-elf/8.2.1\libc.a(lib_a-strncpy.o)
 .debug_loc     0x000000000000302c       0xce c:/apps/arch64/bin/../lib/gcc/aarch64-elf/8.2.1\libc.a(lib_a-wctob.o)
 .debug_loc     0x00000000000030fa     0x1157 c:/apps/arch64/bin/../lib/gcc/aarch64-elf/8.2.1\libc.a(lib_a-wctomb_r.o)
 .debug_loc     0x0000000000004251       0x81 c:/apps/arch64/bin/../lib/gcc/aarch64-elf/8.2.1\libc.a(lib_a-ctype_.o)

.debug_aranges  0x0000000000000000      0x380
 .debug_aranges
                0x0000000000000000       0xa0 c:/apps/arch64/bin/../lib/gcc/aarch64-elf/8.2.1\libc.a(lib_a-locale.o)
 .debug_aranges
                0x00000000000000a0       0x80 c:/apps/arch64/bin/../lib/gcc/aarch64-elf/8.2.1\libc.a(lib_a-mbtowc_r.o)
 .debug_aranges
                0x0000000000000120       0x30 c:/apps/arch64/bin/../lib/gcc/aarch64-elf/8.2.1\libc.a(lib_a-memcpy.o)
 .debug_aranges
                0x0000000000000150       0x40 c:/apps/arch64/bin/../lib/gcc/aarch64-elf/8.2.1\libc.a(lib_a-reent.o)
 .debug_aranges
                0x0000000000000190       0x30 c:/apps/arch64/bin/../lib/gcc/aarch64-elf/8.2.1\libc.a(lib_a-strchr.o)
 .debug_aranges
                0x00000000000001c0       0x30 c:/apps/arch64/bin/../lib/gcc/aarch64-elf/8.2.1\libc.a(lib_a-strlen.o)
 .debug_aranges
                0x00000000000001f0       0x30 c:/apps/arch64/bin/../lib/gcc/aarch64-elf/8.2.1\libc.a(lib_a-strncpy.o)
 .debug_aranges
                0x0000000000000220       0x30 c:/apps/arch64/bin/../lib/gcc/aarch64-elf/8.2.1\libc.a(lib_a-strnlen.o)
 .debug_aranges
                0x0000000000000250       0x30 c:/apps/arch64/bin/../lib/gcc/aarch64-elf/8.2.1\libc.a(lib_a-wctob.o)
 .debug_aranges
                0x0000000000000280       0x80 c:/apps/arch64/bin/../lib/gcc/aarch64-elf/8.2.1\libc.a(lib_a-wctomb_r.o)
 .debug_aranges
                0x0000000000000300       0x30 c:/apps/arch64/bin/../lib/gcc/aarch64-elf/8.2.1\libc.a(lib_a-ctype_.o)
 .debug_aranges
                0x0000000000000330       0x20 c:/apps/arch64/bin/../lib/gcc/aarch64-elf/8.2.1\libc.a(lib_a-impure.o)
 .debug_aranges
                0x0000000000000350       0x30 c:/apps/arch64/bin/../lib/gcc/aarch64-elf/8.2.1\libc.a(lib_a-memset.o)

.debug_ranges   0x0000000000000000      0x400
 .debug_ranges  0x0000000000000000      0x1c0 c:/apps/arch64/bin/../lib/gcc/aarch64-elf/8.2.1\libc.a(lib_a-locale.o)
 .debug_ranges  0x00000000000001c0      0x100 c:/apps/arch64/bin/../lib/gcc/aarch64-elf/8.2.1\libc.a(lib_a-mbtowc_r.o)
 .debug_ranges  0x00000000000002c0       0x30 c:/apps/arch64/bin/../lib/gcc/aarch64-elf/8.2.1\libc.a(lib_a-reent.o)
 .debug_ranges  0x00000000000002f0       0x20 c:/apps/arch64/bin/../lib/gcc/aarch64-elf/8.2.1\libc.a(lib_a-strncpy.o)
 .debug_ranges  0x0000000000000310       0x60 c:/apps/arch64/bin/../lib/gcc/aarch64-elf/8.2.1\libc.a(lib_a-wctob.o)
 .debug_ranges  0x0000000000000370       0x70 c:/apps/arch64/bin/../lib/gcc/aarch64-elf/8.2.1\libc.a(lib_a-wctomb_r.o)
 .debug_ranges  0x00000000000003e0       0x20 c:/apps/arch64/bin/../lib/gcc/aarch64-elf/8.2.1\libc.a(lib_a-ctype_.o)

.debug_line     0x0000000000000000     0x3488
 .debug_line    0x0000000000000000      0xc84 c:/apps/arch64/bin/../lib/gcc/aarch64-elf/8.2.1\libc.a(lib_a-locale.o)
 .debug_line    0x0000000000000c84      0xb67 c:/apps/arch64/bin/../lib/gcc/aarch64-elf/8.2.1\libc.a(lib_a-mbtowc_r.o)
 .debug_line    0x00000000000017eb      0x11f c:/apps/arch64/bin/../lib/gcc/aarch64-elf/8.2.1\libc.a(lib_a-memcpy.o)
 .debug_line    0x000000000000190a      0x37b c:/apps/arch64/bin/../lib/gcc/aarch64-elf/8.2.1\libc.a(lib_a-reent.o)
 .debug_line    0x0000000000001c85       0xfc c:/apps/arch64/bin/../lib/gcc/aarch64-elf/8.2.1\libc.a(lib_a-strchr.o)
 .debug_line    0x0000000000001d81      0x119 c:/apps/arch64/bin/../lib/gcc/aarch64-elf/8.2.1\libc.a(lib_a-strlen.o)
 .debug_line    0x0000000000001e9a      0x32b c:/apps/arch64/bin/../lib/gcc/aarch64-elf/8.2.1\libc.a(lib_a-strncpy.o)
 .debug_line    0x00000000000021c5       0xfe c:/apps/arch64/bin/../lib/gcc/aarch64-elf/8.2.1\libc.a(lib_a-strnlen.o)
 .debug_line    0x00000000000022c3      0x3ce c:/apps/arch64/bin/../lib/gcc/aarch64-elf/8.2.1\libc.a(lib_a-wctob.o)
 .debug_line    0x0000000000002691      0x781 c:/apps/arch64/bin/../lib/gcc/aarch64-elf/8.2.1\libc.a(lib_a-wctomb_r.o)
 .debug_line    0x0000000000002e12      0x35a c:/apps/arch64/bin/../lib/gcc/aarch64-elf/8.2.1\libc.a(lib_a-ctype_.o)
 .debug_line    0x000000000000316c      0x1e3 c:/apps/arch64/bin/../lib/gcc/aarch64-elf/8.2.1\libc.a(lib_a-impure.o)
 .debug_line    0x000000000000334f      0x139 c:/apps/arch64/bin/../lib/gcc/aarch64-elf/8.2.1\libc.a(lib_a-memset.o)

.debug_str      0x0000000000000000     0x15e7
 .debug_str     0x0000000000000000      0xa08 c:/apps/arch64/bin/../lib/gcc/aarch64-elf/8.2.1\libc.a(lib_a-locale.o)
                                        0xb50 (size before relaxing)
 .debug_str     0x0000000000000a08      0x270 c:/apps/arch64/bin/../lib/gcc/aarch64-elf/8.2.1\libc.a(lib_a-mbtowc_r.o)
                                        0xada (size before relaxing)
 .debug_str     0x0000000000000c78      0x147 c:/apps/arch64/bin/../lib/gcc/aarch64-elf/8.2.1\libc.a(lib_a-memcpy.o)
 .debug_str     0x0000000000000dbf      0x158 c:/apps/arch64/bin/../lib/gcc/aarch64-elf/8.2.1\libc.a(lib_a-reent.o)
                                        0x64b (size before relaxing)
 .debug_str     0x0000000000000f17       0x92 c:/apps/arch64/bin/../lib/gcc/aarch64-elf/8.2.1\libc.a(lib_a-strchr.o)
                                        0x147 (size before relaxing)
 .debug_str     0x0000000000000fa9       0x92 c:/apps/arch64/bin/../lib/gcc/aarch64-elf/8.2.1\libc.a(lib_a-strlen.o)
                                        0x147 (size before relaxing)
 .debug_str     0x000000000000103b      0x14a c:/apps/arch64/bin/../lib/gcc/aarch64-elf/8.2.1\libc.a(lib_a-strncpy.o)
                                        0x63d (size before relaxing)
 .debug_str     0x0000000000001185       0x93 c:/apps/arch64/bin/../lib/gcc/aarch64-elf/8.2.1\libc.a(lib_a-strnlen.o)
                                        0x148 (size before relaxing)
 .debug_str     0x0000000000001218       0x95 c:/apps/arch64/bin/../lib/gcc/aarch64-elf/8.2.1\libc.a(lib_a-wctob.o)
                                        0x986 (size before relaxing)
 .debug_str     0x00000000000012ad       0xef c:/apps/arch64/bin/../lib/gcc/aarch64-elf/8.2.1\libc.a(lib_a-wctomb_r.o)
                                        0x9fd (size before relaxing)
 .debug_str     0x000000000000139c      0x125 c:/apps/arch64/bin/../lib/gcc/aarch64-elf/8.2.1\libc.a(lib_a-ctype_.o)
                                        0x93b (size before relaxing)
 .debug_str     0x00000000000014c1       0x94 c:/apps/arch64/bin/../lib/gcc/aarch64-elf/8.2.1\libc.a(lib_a-impure.o)
                                        0x60f (size before relaxing)
 .debug_str     0x0000000000001555       0x92 c:/apps/arch64/bin/../lib/gcc/aarch64-elf/8.2.1\libc.a(lib_a-memset.o)
                                        0x147 (size before relaxing)
